[     251ms] [INFO] %cDownload the React DevTools for a better development experience: https://react.dev/link/react-devtools font-weight:bold @ http://localhost:3003/_next/static/chunks/b2b3e_next_dist_77a734fe._.js:2297
[     362ms] [LOG] [HMR] connected @ http://localhost:3003/_next/static/chunks/b2b3e_next_dist_77a734fe._.js:2297
[     445ms] [LOG] [Fast Refresh] rebuilding @ http://localhost:3003/_next/static/chunks/b2b3e_next_dist_77a734fe._.js:2297
[     646ms] [INFO] %cDownload the React DevTools for a better development experience: https://react.dev/link/react-devtools font-weight:bold @ http://localhost:3003/_next/static/chunks/b2b3e_next_dist_77a734fe._.js:2297
[     671ms] [LOG] [HMR] connected @ http://localhost:3003/_next/static/chunks/b2b3e_next_dist_77a734fe._.js:2297
[     810ms] [LOG] [Fast Refresh] rebuilding @ http://localhost:3003/_next/static/chunks/b2b3e_next_dist_77a734fe._.js:2297
[    1026ms] [INFO] %cDownload the React DevTools for a better development experience: https://react.dev/link/react-devtools font-weight:bold @ http://localhost:3003/_next/static/chunks/b2b3e_next_dist_77a734fe._.js:2297
[    1050ms] [LOG] [HMR] connected @ http://localhost:3003/_next/static/chunks/b2b3e_next_dist_77a734fe._.js:2297
[    1163ms] [LOG] [Fast Refresh] rebuilding @ http://localhost:3003/_next/static/chunks/b2b3e_next_dist_77a734fe._.js:2297
[    1362ms] [INFO] %cDownload the React DevTools for a better development experience: https://react.dev/link/react-devtools font-weight:bold @ http://localhost:3003/_next/static/chunks/b2b3e_next_dist_77a734fe._.js:2297
[    1387ms] [LOG] [HMR] connected @ http://localhost:3003/_next/static/chunks/b2b3e_next_dist_77a734fe._.js:2297
[    1513ms] [LOG] [Fast Refresh] rebuilding @ http://localhost:3003/_next/static/chunks/b2b3e_next_dist_77a734fe._.js:2297
[    1708ms] [INFO] %cDownload the React DevTools for a better development experience: https://react.dev/link/react-devtools font-weight:bold @ http://localhost:3003/_next/static/chunks/b2b3e_next_dist_77a734fe._.js:2297
[    1733ms] [LOG] [HMR] connected @ http://localhost:3003/_next/static/chunks/b2b3e_next_dist_77a734fe._.js:2297
[    1835ms] [LOG] [Fast Refresh] rebuilding @ http://localhost:3003/_next/static/chunks/b2b3e_next_dist_77a734fe._.js:2297
[    2035ms] [INFO] %cDownload the React DevTools for a better development experience: https://react.dev/link/react-devtools font-weight:bold @ http://localhost:3003/_next/static/chunks/b2b3e_next_dist_77a734fe._.js:2297
[    2073ms] [LOG] [HMR] connected @ http://localhost:3003/_next/static/chunks/b2b3e_next_dist_77a734fe._.js:2297
[    2173ms] [LOG] [Fast Refresh] rebuilding @ http://localhost:3003/_next/static/chunks/b2b3e_next_dist_77a734fe._.js:2297
[    2361ms] [INFO] %cDownload the React DevTools for a better development experience: https://react.dev/link/react-devtools font-weight:bold @ http://localhost:3003/_next/static/chunks/b2b3e_next_dist_77a734fe._.js:2297
[    2385ms] [LOG] [HMR] connected @ http://localhost:3003/_next/static/chunks/b2b3e_next_dist_77a734fe._.js:2297
[    2472ms] [LOG] [Fast Refresh] rebuilding @ http://localhost:3003/_next/static/chunks/b2b3e_next_dist_77a734fe._.js:2297
[    2672ms] [INFO] %cDownload the React DevTools for a better development experience: https://react.dev/link/react-devtools font-weight:bold @ http://localhost:3003/_next/static/chunks/b2b3e_next_dist_77a734fe._.js:2297
[    2699ms] [LOG] [HMR] connected @ http://localhost:3003/_next/static/chunks/b2b3e_next_dist_77a734fe._.js:2297
[    2798ms] [LOG] [Fast Refresh] rebuilding @ http://localhost:3003/_next/static/chunks/b2b3e_next_dist_77a734fe._.js:2297
[    3005ms] [INFO] %cDownload the React DevTools for a better development experience: https://react.dev/link/react-devtools font-weight:bold @ http://localhost:3003/_next/static/chunks/b2b3e_next_dist_77a734fe._.js:2297
[    3035ms] [LOG] [HMR] connected @ http://localhost:3003/_next/static/chunks/b2b3e_next_dist_77a734fe._.js:2297
[    3132ms] [LOG] [Fast Refresh] rebuilding @ http://localhost:3003/_next/static/chunks/b2b3e_next_dist_77a734fe._.js:2297
[    3361ms] [INFO] %cDownload the React DevTools for a better development experience: https://react.dev/link/react-devtools font-weight:bold @ http://localhost:3003/_next/static/chunks/b2b3e_next_dist_77a734fe._.js:2297
[    3384ms] [LOG] [HMR] connected @ http://localhost:3003/_next/static/chunks/b2b3e_next_dist_77a734fe._.js:2297
[    3504ms] [LOG] [Fast Refresh] rebuilding @ http://localhost:3003/_next/static/chunks/b2b3e_next_dist_77a734fe._.js:2297
[    3710ms] [INFO] %cDownload the React DevTools for a better development experience: https://react.dev/link/react-devtools font-weight:bold @ http://localhost:3003/_next/static/chunks/b2b3e_next_dist_77a734fe._.js:2297
[    3731ms] [LOG] [HMR] connected @ http://localhost:3003/_next/static/chunks/b2b3e_next_dist_77a734fe._.js:2297
[    3842ms] [LOG] [Fast Refresh] rebuilding @ http://localhost:3003/_next/static/chunks/b2b3e_next_dist_77a734fe._.js:2297
[    4034ms] [INFO] %cDownload the React DevTools for a better development experience: https://react.dev/link/react-devtools font-weight:bold @ http://localhost:3003/_next/static/chunks/b2b3e_next_dist_77a734fe._.js:2297
[    4061ms] [LOG] [HMR] connected @ http://localhost:3003/_next/static/chunks/b2b3e_next_dist_77a734fe._.js:2297
[    4161ms] [LOG] [Fast Refresh] rebuilding @ http://localhost:3003/_next/static/chunks/b2b3e_next_dist_77a734fe._.js:2297
[    4352ms] [INFO] %cDownload the React DevTools for a better development experience: https://react.dev/link/react-devtools font-weight:bold @ http://localhost:3003/_next/static/chunks/b2b3e_next_dist_77a734fe._.js:2297
[    4385ms] [LOG] [HMR] connected @ http://localhost:3003/_next/static/chunks/b2b3e_next_dist_77a734fe._.js:2297
[    4470ms] [LOG] [Fast Refresh] rebuilding @ http://localhost:3003/_next/static/chunks/b2b3e_next_dist_77a734fe._.js:2297
[    4672ms] [INFO] %cDownload the React DevTools for a better development experience: https://react.dev/link/react-devtools font-weight:bold @ http://localhost:3003/_next/static/chunks/b2b3e_next_dist_77a734fe._.js:2297
[    4706ms] [LOG] [HMR] connected @ http://localhost:3003/_next/static/chunks/b2b3e_next_dist_77a734fe._.js:2297
[    4783ms] [LOG] [Fast Refresh] rebuilding @ http://localhost:3003/_next/static/chunks/b2b3e_next_dist_77a734fe._.js:2297
[    4981ms] [INFO] %cDownload the React DevTools for a better development experience: https://react.dev/link/react-devtools font-weight:bold @ http://localhost:3003/_next/static/chunks/b2b3e_next_dist_77a734fe._.js:2297
[    4999ms] [LOG] [HMR] connected @ http://localhost:3003/_next/static/chunks/b2b3e_next_dist_77a734fe._.js:2297
[    5122ms] [LOG] [Fast Refresh] rebuilding @ http://localhost:3003/_next/static/chunks/b2b3e_next_dist_77a734fe._.js:2297
[    5321ms] [INFO] %cDownload the React DevTools for a better development experience: https://react.dev/link/react-devtools font-weight:bold @ http://localhost:3003/_next/static/chunks/b2b3e_next_dist_77a734fe._.js:2297
[    5349ms] [LOG] [HMR] connected @ http://localhost:3003/_next/static/chunks/b2b3e_next_dist_77a734fe._.js:2297
[    5440ms] [LOG] [Fast Refresh] rebuilding @ http://localhost:3003/_next/static/chunks/b2b3e_next_dist_77a734fe._.js:2297
[    5640ms] [INFO] %cDownload the React DevTools for a better development experience: https://react.dev/link/react-devtools font-weight:bold @ http://localhost:3003/_next/static/chunks/b2b3e_next_dist_77a734fe._.js:2297
[    5674ms] [LOG] [HMR] connected @ http://localhost:3003/_next/static/chunks/b2b3e_next_dist_77a734fe._.js:2297
[    5761ms] [LOG] [Fast Refresh] rebuilding @ http://localhost:3003/_next/static/chunks/b2b3e_next_dist_77a734fe._.js:2297
[    5964ms] [INFO] %cDownload the React DevTools for a better development experience: https://react.dev/link/react-devtools font-weight:bold @ http://localhost:3003/_next/static/chunks/b2b3e_next_dist_77a734fe._.js:2297
[    5989ms] [LOG] [HMR] connected @ http://localhost:3003/_next/static/chunks/b2b3e_next_dist_77a734fe._.js:2297
[    6087ms] [LOG] [Fast Refresh] rebuilding @ http://localhost:3003/_next/static/chunks/b2b3e_next_dist_77a734fe._.js:2297
[    6276ms] [INFO] %cDownload the React DevTools for a better development experience: https://react.dev/link/react-devtools font-weight:bold @ http://localhost:3003/_next/static/chunks/b2b3e_next_dist_77a734fe._.js:2297
[    6302ms] [LOG] [HMR] connected @ http://localhost:3003/_next/static/chunks/b2b3e_next_dist_77a734fe._.js:2297
[    6402ms] [LOG] [Fast Refresh] rebuilding @ http://localhost:3003/_next/static/chunks/b2b3e_next_dist_77a734fe._.js:2297
[    6599ms] [INFO] %cDownload the React DevTools for a better development experience: https://react.dev/link/react-devtools font-weight:bold @ http://localhost:3003/_next/static/chunks/b2b3e_next_dist_77a734fe._.js:2297
[    6621ms] [LOG] [HMR] connected @ http://localhost:3003/_next/static/chunks/b2b3e_next_dist_77a734fe._.js:2297
[    6734ms] [LOG] [Fast Refresh] rebuilding @ http://localhost:3003/_next/static/chunks/b2b3e_next_dist_77a734fe._.js:2297
[    6931ms] [INFO] %cDownload the React DevTools for a better development experience: https://react.dev/link/react-devtools font-weight:bold @ http://localhost:3003/_next/static/chunks/b2b3e_next_dist_77a734fe._.js:2297
[    6949ms] [LOG] [HMR] connected @ http://localhost:3003/_next/static/chunks/b2b3e_next_dist_77a734fe._.js:2297
[    7080ms] [LOG] [Fast Refresh] rebuilding @ http://localhost:3003/_next/static/chunks/b2b3e_next_dist_77a734fe._.js:2297
[    7271ms] [INFO] %cDownload the React DevTools for a better development experience: https://react.dev/link/react-devtools font-weight:bold @ http://localhost:3003/_next/static/chunks/b2b3e_next_dist_77a734fe._.js:2297
[    7303ms] [LOG] [HMR] connected @ http://localhost:3003/_next/static/chunks/b2b3e_next_dist_77a734fe._.js:2297
[    7405ms] [LOG] [Fast Refresh] rebuilding @ http://localhost:3003/_next/static/chunks/b2b3e_next_dist_77a734fe._.js:2297
[    7604ms] [INFO] %cDownload the React DevTools for a better development experience: https://react.dev/link/react-devtools font-weight:bold @ http://localhost:3003/_next/static/chunks/b2b3e_next_dist_77a734fe._.js:2297
[    7639ms] [LOG] [HMR] connected @ http://localhost:3003/_next/static/chunks/b2b3e_next_dist_77a734fe._.js:2297
[    7737ms] [LOG] [Fast Refresh] rebuilding @ http://localhost:3003/_next/static/chunks/b2b3e_next_dist_77a734fe._.js:2297
[    7940ms] [INFO] %cDownload the React DevTools for a better development experience: https://react.dev/link/react-devtools font-weight:bold @ http://localhost:3003/_next/static/chunks/b2b3e_next_dist_77a734fe._.js:2297
[    7969ms] [LOG] [HMR] connected @ http://localhost:3003/_next/static/chunks/b2b3e_next_dist_77a734fe._.js:2297
[    8074ms] [LOG] [Fast Refresh] rebuilding @ http://localhost:3003/_next/static/chunks/b2b3e_next_dist_77a734fe._.js:2297
[    8284ms] [INFO] %cDownload the React DevTools for a better development experience: https://react.dev/link/react-devtools font-weight:bold @ http://localhost:3003/_next/static/chunks/b2b3e_next_dist_77a734fe._.js:2297
[    8309ms] [LOG] [HMR] connected @ http://localhost:3003/_next/static/chunks/b2b3e_next_dist_77a734fe._.js:2297
[    8429ms] [LOG] [Fast Refresh] rebuilding @ http://localhost:3003/_next/static/chunks/b2b3e_next_dist_77a734fe._.js:2297
[    8636ms] [INFO] %cDownload the React DevTools for a better development experience: https://react.dev/link/react-devtools font-weight:bold @ http://localhost:3003/_next/static/chunks/b2b3e_next_dist_77a734fe._.js:2297
[    8659ms] [LOG] [HMR] connected @ http://localhost:3003/_next/static/chunks/b2b3e_next_dist_77a734fe._.js:2297
[    8761ms] [LOG] [Fast Refresh] rebuilding @ http://localhost:3003/_next/static/chunks/b2b3e_next_dist_77a734fe._.js:2297
[    8970ms] [INFO] %cDownload the React DevTools for a better development experience: https://react.dev/link/react-devtools font-weight:bold @ http://localhost:3003/_next/static/chunks/b2b3e_next_dist_77a734fe._.js:2297
[    9007ms] [LOG] [HMR] connected @ http://localhost:3003/_next/static/chunks/b2b3e_next_dist_77a734fe._.js:2297
[    9107ms] [LOG] [Fast Refresh] rebuilding @ http://localhost:3003/_next/static/chunks/b2b3e_next_dist_77a734fe._.js:2297
[    9309ms] [INFO] %cDownload the React DevTools for a better development experience: https://react.dev/link/react-devtools font-weight:bold @ http://localhost:3003/_next/static/chunks/b2b3e_next_dist_77a734fe._.js:2297
[    9341ms] [LOG] [HMR] connected @ http://localhost:3003/_next/static/chunks/b2b3e_next_dist_77a734fe._.js:2297
[    9432ms] [LOG] [Fast Refresh] rebuilding @ http://localhost:3003/_next/static/chunks/b2b3e_next_dist_77a734fe._.js:2297
[    9633ms] [INFO] %cDownload the React DevTools for a better development experience: https://react.dev/link/react-devtools font-weight:bold @ http://localhost:3003/_next/static/chunks/b2b3e_next_dist_77a734fe._.js:2297
[    9660ms] [LOG] [HMR] connected @ http://localhost:3003/_next/static/chunks/b2b3e_next_dist_77a734fe._.js:2297
[    9758ms] [LOG] [Fast Refresh] rebuilding @ http://localhost:3003/_next/static/chunks/b2b3e_next_dist_77a734fe._.js:2297
[    9948ms] [INFO] %cDownload the React DevTools for a better development experience: https://react.dev/link/react-devtools font-weight:bold @ http://localhost:3003/_next/static/chunks/b2b3e_next_dist_77a734fe._.js:2297
[    9971ms] [LOG] [HMR] connected @ http://localhost:3003/_next/static/chunks/b2b3e_next_dist_77a734fe._.js:2297
[   10074ms] [LOG] [Fast Refresh] rebuilding @ http://localhost:3003/_next/static/chunks/b2b3e_next_dist_77a734fe._.js:2297
[   10272ms] [INFO] %cDownload the React DevTools for a better development experience: https://react.dev/link/react-devtools font-weight:bold @ http://localhost:3003/_next/static/chunks/b2b3e_next_dist_77a734fe._.js:2297
[   10304ms] [LOG] [HMR] connected @ http://localhost:3003/_next/static/chunks/b2b3e_next_dist_77a734fe._.js:2297
[   10392ms] [LOG] [Fast Refresh] rebuilding @ http://localhost:3003/_next/static/chunks/b2b3e_next_dist_77a734fe._.js:2297
[   10612ms] [INFO] %cDownload the React DevTools for a better development experience: https://react.dev/link/react-devtools font-weight:bold @ http://localhost:3003/_next/static/chunks/b2b3e_next_dist_77a734fe._.js:2297
[   10639ms] [LOG] [HMR] connected @ http://localhost:3003/_next/static/chunks/b2b3e_next_dist_77a734fe._.js:2297
[   10742ms] [LOG] [Fast Refresh] rebuilding @ http://localhost:3003/_next/static/chunks/b2b3e_next_dist_77a734fe._.js:2297
[   10945ms] [INFO] %cDownload the React DevTools for a better development experience: https://react.dev/link/react-devtools font-weight:bold @ http://localhost:3003/_next/static/chunks/b2b3e_next_dist_77a734fe._.js:2297
[   10978ms] [LOG] [HMR] connected @ http://localhost:3003/_next/static/chunks/b2b3e_next_dist_77a734fe._.js:2297
[   11072ms] [LOG] [Fast Refresh] rebuilding @ http://localhost:3003/_next/static/chunks/b2b3e_next_dist_77a734fe._.js:2297
[   11261ms] [INFO] %cDownload the React DevTools for a better development experience: https://react.dev/link/react-devtools font-weight:bold @ http://localhost:3003/_next/static/chunks/b2b3e_next_dist_77a734fe._.js:2297
[   11294ms] [LOG] [HMR] connected @ http://localhost:3003/_next/static/chunks/b2b3e_next_dist_77a734fe._.js:2297
[   11385ms] [LOG] [Fast Refresh] rebuilding @ http://localhost:3003/_next/static/chunks/b2b3e_next_dist_77a734fe._.js:2297
[   11592ms] [INFO] %cDownload the React DevTools for a better development experience: https://react.dev/link/react-devtools font-weight:bold @ http://localhost:3003/_next/static/chunks/b2b3e_next_dist_77a734fe._.js:2297
[   11623ms] [LOG] [HMR] connected @ http://localhost:3003/_next/static/chunks/b2b3e_next_dist_77a734fe._.js:2297
[   11726ms] [LOG] [Fast Refresh] rebuilding @ http://localhost:3003/_next/static/chunks/b2b3e_next_dist_77a734fe._.js:2297
[   11920ms] [INFO] %cDownload the React DevTools for a better development experience: https://react.dev/link/react-devtools font-weight:bold @ http://localhost:3003/_next/static/chunks/b2b3e_next_dist_77a734fe._.js:2297
[   11945ms] [LOG] [HMR] connected @ http://localhost:3003/_next/static/chunks/b2b3e_next_dist_77a734fe._.js:2297
[   12055ms] [LOG] [Fast Refresh] rebuilding @ http://localhost:3003/_next/static/chunks/b2b3e_next_dist_77a734fe._.js:2297
[   12250ms] [INFO] %cDownload the React DevTools for a better development experience: https://react.dev/link/react-devtools font-weight:bold @ http://localhost:3003/_next/static/chunks/b2b3e_next_dist_77a734fe._.js:2297
[   12276ms] [LOG] [HMR] connected @ http://localhost:3003/_next/static/chunks/b2b3e_next_dist_77a734fe._.js:2297
[   12389ms] [LOG] [Fast Refresh] rebuilding @ http://localhost:3003/_next/static/chunks/b2b3e_next_dist_77a734fe._.js:2297
[   12589ms] [INFO] %cDownload the React DevTools for a better development experience: https://react.dev/link/react-devtools font-weight:bold @ http://localhost:3003/_next/static/chunks/b2b3e_next_dist_77a734fe._.js:2297
[   12614ms] [LOG] [HMR] connected @ http://localhost:3003/_next/static/chunks/b2b3e_next_dist_77a734fe._.js:2297
[   12722ms] [LOG] [Fast Refresh] rebuilding @ http://localhost:3003/_next/static/chunks/b2b3e_next_dist_77a734fe._.js:2297
[   12915ms] [INFO] %cDownload the React DevTools for a better development experience: https://react.dev/link/react-devtools font-weight:bold @ http://localhost:3003/_next/static/chunks/b2b3e_next_dist_77a734fe._.js:2297
[   12938ms] [LOG] [HMR] connected @ http://localhost:3003/_next/static/chunks/b2b3e_next_dist_77a734fe._.js:2297
[   13047ms] [LOG] [Fast Refresh] rebuilding @ http://localhost:3003/_next/static/chunks/b2b3e_next_dist_77a734fe._.js:2297
[   13237ms] [INFO] %cDownload the React DevTools for a better development experience: https://react.dev/link/react-devtools font-weight:bold @ http://localhost:3003/_next/static/chunks/b2b3e_next_dist_77a734fe._.js:2297
[   13259ms] [LOG] [HMR] connected @ http://localhost:3003/_next/static/chunks/b2b3e_next_dist_77a734fe._.js:2297
[   13370ms] [LOG] [Fast Refresh] rebuilding @ http://localhost:3003/_next/static/chunks/b2b3e_next_dist_77a734fe._.js:2297
[   13566ms] [INFO] %cDownload the React DevTools for a better development experience: https://react.dev/link/react-devtools font-weight:bold @ http://localhost:3003/_next/static/chunks/b2b3e_next_dist_77a734fe._.js:2297
[   13589ms] [LOG] [HMR] connected @ http://localhost:3003/_next/static/chunks/b2b3e_next_dist_77a734fe._.js:2297
[   13706ms] [LOG] [Fast Refresh] rebuilding @ http://localhost:3003/_next/static/chunks/b2b3e_next_dist_77a734fe._.js:2297
[   13943ms] [INFO] %cDownload the React DevTools for a better development experience: https://react.dev/link/react-devtools font-weight:bold @ http://localhost:3003/_next/static/chunks/b2b3e_next_dist_77a734fe._.js:2297
[   13986ms] [LOG] [HMR] connected @ http://localhost:3003/_next/static/chunks/b2b3e_next_dist_77a734fe._.js:2297
[   14184ms] [LOG] [Fast Refresh] rebuilding @ http://localhost:3003/_next/static/chunks/b2b3e_next_dist_77a734fe._.js:2297
[   14476ms] [INFO] %cDownload the React DevTools for a better development experience: https://react.dev/link/react-devtools font-weight:bold @ http://localhost:3003/_next/static/chunks/b2b3e_next_dist_77a734fe._.js:2297
[   14532ms] [LOG] [HMR] connected @ http://localhost:3003/_next/static/chunks/b2b3e_next_dist_77a734fe._.js:2297
[   14748ms] [LOG] [Fast Refresh] rebuilding @ http://localhost:3003/_next/static/chunks/b2b3e_next_dist_77a734fe._.js:2297
[   14991ms] [INFO] %cDownload the React DevTools for a better development experience: https://react.dev/link/react-devtools font-weight:bold @ http://localhost:3003/_next/static/chunks/b2b3e_next_dist_77a734fe._.js:2297
[   15015ms] [LOG] [HMR] connected @ http://localhost:3003/_next/static/chunks/b2b3e_next_dist_77a734fe._.js:2297
[   15135ms] [LOG] [Fast Refresh] rebuilding @ http://localhost:3003/_next/static/chunks/b2b3e_next_dist_77a734fe._.js:2297
[   15515ms] [INFO] %cDownload the React DevTools for a better development experience: https://react.dev/link/react-devtools font-weight:bold @ http://localhost:3003/_next/static/chunks/b2b3e_next_dist_77a734fe._.js:2297
[   15540ms] [LOG] [HMR] connected @ http://localhost:3003/_next/static/chunks/b2b3e_next_dist_77a734fe._.js:2297
[   15658ms] [LOG] [Fast Refresh] rebuilding @ http://localhost:3003/_next/static/chunks/b2b3e_next_dist_77a734fe._.js:2297
[   15856ms] [INFO] %cDownload the React DevTools for a better development experience: https://react.dev/link/react-devtools font-weight:bold @ http://localhost:3003/_next/static/chunks/b2b3e_next_dist_77a734fe._.js:2297
[   15888ms] [LOG] [HMR] connected @ http://localhost:3003/_next/static/chunks/b2b3e_next_dist_77a734fe._.js:2297
[   16000ms] [LOG] [Fast Refresh] rebuilding @ http://localhost:3003/_next/static/chunks/b2b3e_next_dist_77a734fe._.js:2297
[   16208ms] [INFO] %cDownload the React DevTools for a better development experience: https://react.dev/link/react-devtools font-weight:bold @ http://localhost:3003/_next/static/chunks/b2b3e_next_dist_77a734fe._.js:2297
[   16232ms] [LOG] [HMR] connected @ http://localhost:3003/_next/static/chunks/b2b3e_next_dist_77a734fe._.js:2297
[   16343ms] [LOG] [Fast Refresh] rebuilding @ http://localhost:3003/_next/static/chunks/b2b3e_next_dist_77a734fe._.js:2297
[   16539ms] [INFO] %cDownload the React DevTools for a better development experience: https://react.dev/link/react-devtools font-weight:bold @ http://localhost:3003/_next/static/chunks/b2b3e_next_dist_77a734fe._.js:2297
[   16560ms] [LOG] [HMR] connected @ http://localhost:3003/_next/static/chunks/b2b3e_next_dist_77a734fe._.js:2297
[   16676ms] [LOG] [Fast Refresh] rebuilding @ http://localhost:3003/_next/static/chunks/b2b3e_next_dist_77a734fe._.js:2297
[   16873ms] [INFO] %cDownload the React DevTools for a better development experience: https://react.dev/link/react-devtools font-weight:bold @ http://localhost:3003/_next/static/chunks/b2b3e_next_dist_77a734fe._.js:2297
[   16897ms] [LOG] [HMR] connected @ http://localhost:3003/_next/static/chunks/b2b3e_next_dist_77a734fe._.js:2297
[   17014ms] [LOG] [Fast Refresh] rebuilding @ http://localhost:3003/_next/static/chunks/b2b3e_next_dist_77a734fe._.js:2297
[   17206ms] [INFO] %cDownload the React DevTools for a better development experience: https://react.dev/link/react-devtools font-weight:bold @ http://localhost:3003/_next/static/chunks/b2b3e_next_dist_77a734fe._.js:2297
[   17225ms] [LOG] [HMR] connected @ http://localhost:3003/_next/static/chunks/b2b3e_next_dist_77a734fe._.js:2297
[   17343ms] [LOG] [Fast Refresh] rebuilding @ http://localhost:3003/_next/static/chunks/b2b3e_next_dist_77a734fe._.js:2297
[   17541ms] [INFO] %cDownload the React DevTools for a better development experience: https://react.dev/link/react-devtools font-weight:bold @ http://localhost:3003/_next/static/chunks/b2b3e_next_dist_77a734fe._.js:2297
[   17558ms] [LOG] [HMR] connected @ http://localhost:3003/_next/static/chunks/b2b3e_next_dist_77a734fe._.js:2297
[   17685ms] [LOG] [Fast Refresh] rebuilding @ http://localhost:3003/_next/static/chunks/b2b3e_next_dist_77a734fe._.js:2297
[   17876ms] [INFO] %cDownload the React DevTools for a better development experience: https://react.dev/link/react-devtools font-weight:bold @ http://localhost:3003/_next/static/chunks/b2b3e_next_dist_77a734fe._.js:2297
[   17910ms] [LOG] [HMR] connected @ http://localhost:3003/_next/static/chunks/b2b3e_next_dist_77a734fe._.js:2297
[   18002ms] [LOG] [Fast Refresh] rebuilding @ http://localhost:3003/_next/static/chunks/b2b3e_next_dist_77a734fe._.js:2297
[   18207ms] [INFO] %cDownload the React DevTools for a better development experience: https://react.dev/link/react-devtools font-weight:bold @ http://localhost:3003/_next/static/chunks/b2b3e_next_dist_77a734fe._.js:2297
[   18247ms] [LOG] [HMR] connected @ http://localhost:3003/_next/static/chunks/b2b3e_next_dist_77a734fe._.js:2297
[   18349ms] [LOG] [Fast Refresh] rebuilding @ http://localhost:3003/_next/static/chunks/b2b3e_next_dist_77a734fe._.js:2297
[   18552ms] [INFO] %cDownload the React DevTools for a better development experience: https://react.dev/link/react-devtools font-weight:bold @ http://localhost:3003/_next/static/chunks/b2b3e_next_dist_77a734fe._.js:2297
[   18578ms] [LOG] [HMR] connected @ http://localhost:3003/_next/static/chunks/b2b3e_next_dist_77a734fe._.js:2297
[   18684ms] [LOG] [Fast Refresh] rebuilding @ http://localhost:3003/_next/static/chunks/b2b3e_next_dist_77a734fe._.js:2297
[   18884ms] [INFO] %cDownload the React DevTools for a better development experience: https://react.dev/link/react-devtools font-weight:bold @ http://localhost:3003/_next/static/chunks/b2b3e_next_dist_77a734fe._.js:2297
[   18920ms] [LOG] [HMR] connected @ http://localhost:3003/_next/static/chunks/b2b3e_next_dist_77a734fe._.js:2297
[   19009ms] [LOG] [Fast Refresh] rebuilding @ http://localhost:3003/_next/static/chunks/b2b3e_next_dist_77a734fe._.js:2297
[   19224ms] [INFO] %cDownload the React DevTools for a better development experience: https://react.dev/link/react-devtools font-weight:bold @ http://localhost:3003/_next/static/chunks/b2b3e_next_dist_77a734fe._.js:2297
[   19250ms] [LOG] [HMR] connected @ http://localhost:3003/_next/static/chunks/b2b3e_next_dist_77a734fe._.js:2297
[   19366ms] [LOG] [Fast Refresh] rebuilding @ http://localhost:3003/_next/static/chunks/b2b3e_next_dist_77a734fe._.js:2297
[   19571ms] [INFO] %cDownload the React DevTools for a better development experience: https://react.dev/link/react-devtools font-weight:bold @ http://localhost:3003/_next/static/chunks/b2b3e_next_dist_77a734fe._.js:2297
[   19595ms] [LOG] [HMR] connected @ http://localhost:3003/_next/static/chunks/b2b3e_next_dist_77a734fe._.js:2297
[   19715ms] [LOG] [Fast Refresh] rebuilding @ http://localhost:3003/_next/static/chunks/b2b3e_next_dist_77a734fe._.js:2297
[   19937ms] [INFO] %cDownload the React DevTools for a better development experience: https://react.dev/link/react-devtools font-weight:bold @ http://localhost:3003/_next/static/chunks/b2b3e_next_dist_77a734fe._.js:2297
[   19963ms] [LOG] [HMR] connected @ http://localhost:3003/_next/static/chunks/b2b3e_next_dist_77a734fe._.js:2297
[   20097ms] [LOG] [Fast Refresh] rebuilding @ http://localhost:3003/_next/static/chunks/b2b3e_next_dist_77a734fe._.js:2297
[   20305ms] [INFO] %cDownload the React DevTools for a better development experience: https://react.dev/link/react-devtools font-weight:bold @ http://localhost:3003/_next/static/chunks/b2b3e_next_dist_77a734fe._.js:2297
[   20331ms] [LOG] [HMR] connected @ http://localhost:3003/_next/static/chunks/b2b3e_next_dist_77a734fe._.js:2297
[   20428ms] [LOG] [Fast Refresh] rebuilding @ http://localhost:3003/_next/static/chunks/b2b3e_next_dist_77a734fe._.js:2297
[   20635ms] [INFO] %cDownload the React DevTools for a better development experience: https://react.dev/link/react-devtools font-weight:bold @ http://localhost:3003/_next/static/chunks/b2b3e_next_dist_77a734fe._.js:2297
[   20660ms] [LOG] [HMR] connected @ http://localhost:3003/_next/static/chunks/b2b3e_next_dist_77a734fe._.js:2297
[   20765ms] [LOG] [Fast Refresh] rebuilding @ http://localhost:3003/_next/static/chunks/b2b3e_next_dist_77a734fe._.js:2297
[   20963ms] [INFO] %cDownload the React DevTools for a better development experience: https://react.dev/link/react-devtools font-weight:bold @ http://localhost:3003/_next/static/chunks/b2b3e_next_dist_77a734fe._.js:2297
[   21002ms] [LOG] [HMR] connected @ http://localhost:3003/_next/static/chunks/b2b3e_next_dist_77a734fe._.js:2297
[   21097ms] [LOG] [Fast Refresh] rebuilding @ http://localhost:3003/_next/static/chunks/b2b3e_next_dist_77a734fe._.js:2297
[   21288ms] [INFO] %cDownload the React DevTools for a better development experience: https://react.dev/link/react-devtools font-weight:bold @ http://localhost:3003/_next/static/chunks/b2b3e_next_dist_77a734fe._.js:2297
[   21312ms] [LOG] [HMR] connected @ http://localhost:3003/_next/static/chunks/b2b3e_next_dist_77a734fe._.js:2297
[   21424ms] [LOG] [Fast Refresh] rebuilding @ http://localhost:3003/_next/static/chunks/b2b3e_next_dist_77a734fe._.js:2297
[   21624ms] [INFO] %cDownload the React DevTools for a better development experience: https://react.dev/link/react-devtools font-weight:bold @ http://localhost:3003/_next/static/chunks/b2b3e_next_dist_77a734fe._.js:2297
[   21649ms] [LOG] [HMR] connected @ http://localhost:3003/_next/static/chunks/b2b3e_next_dist_77a734fe._.js:2297
[   21755ms] [LOG] [Fast Refresh] rebuilding @ http://localhost:3003/_next/static/chunks/b2b3e_next_dist_77a734fe._.js:2297
[   21954ms] [INFO] %cDownload the React DevTools for a better development experience: https://react.dev/link/react-devtools font-weight:bold @ http://localhost:3003/_next/static/chunks/b2b3e_next_dist_77a734fe._.js:2297
[   21977ms] [LOG] [HMR] connected @ http://localhost:3003/_next/static/chunks/b2b3e_next_dist_77a734fe._.js:2297
[   22083ms] [LOG] [Fast Refresh] rebuilding @ http://localhost:3003/_next/static/chunks/b2b3e_next_dist_77a734fe._.js:2297
[   22278ms] [INFO] %cDownload the React DevTools for a better development experience: https://react.dev/link/react-devtools font-weight:bold @ http://localhost:3003/_next/static/chunks/b2b3e_next_dist_77a734fe._.js:2297
[   22297ms] [LOG] [HMR] connected @ http://localhost:3003/_next/static/chunks/b2b3e_next_dist_77a734fe._.js:2297
[   22425ms] [LOG] [Fast Refresh] rebuilding @ http://localhost:3003/_next/static/chunks/b2b3e_next_dist_77a734fe._.js:2297
[   22616ms] [INFO] %cDownload the React DevTools for a better development experience: https://react.dev/link/react-devtools font-weight:bold @ http://localhost:3003/_next/static/chunks/b2b3e_next_dist_77a734fe._.js:2297
[   22649ms] [LOG] [HMR] connected @ http://localhost:3003/_next/static/chunks/b2b3e_next_dist_77a734fe._.js:2297
[   22763ms] [LOG] [Fast Refresh] rebuilding @ http://localhost:3003/_next/static/chunks/b2b3e_next_dist_77a734fe._.js:2297
[   22964ms] [INFO] %cDownload the React DevTools for a better development experience: https://react.dev/link/react-devtools font-weight:bold @ http://localhost:3003/_next/static/chunks/b2b3e_next_dist_77a734fe._.js:2297
[   23002ms] [LOG] [HMR] connected @ http://localhost:3003/_next/static/chunks/b2b3e_next_dist_77a734fe._.js:2297
[   23106ms] [LOG] [Fast Refresh] rebuilding @ http://localhost:3003/_next/static/chunks/b2b3e_next_dist_77a734fe._.js:2297
[   23315ms] [INFO] %cDownload the React DevTools for a better development experience: https://react.dev/link/react-devtools font-weight:bold @ http://localhost:3003/_next/static/chunks/b2b3e_next_dist_77a734fe._.js:2297
[   23347ms] [LOG] [HMR] connected @ http://localhost:3003/_next/static/chunks/b2b3e_next_dist_77a734fe._.js:2297
[   23457ms] [LOG] [Fast Refresh] rebuilding @ http://localhost:3003/_next/static/chunks/b2b3e_next_dist_77a734fe._.js:2297
[   23646ms] [INFO] %cDownload the React DevTools for a better development experience: https://react.dev/link/react-devtools font-weight:bold @ http://localhost:3003/_next/static/chunks/b2b3e_next_dist_77a734fe._.js:2297
[   23665ms] [LOG] [HMR] connected @ http://localhost:3003/_next/static/chunks/b2b3e_next_dist_77a734fe._.js:2297
[   23804ms] [LOG] [Fast Refresh] rebuilding @ http://localhost:3003/_next/static/chunks/b2b3e_next_dist_77a734fe._.js:2297
[   23995ms] [INFO] %cDownload the React DevTools for a better development experience: https://react.dev/link/react-devtools font-weight:bold @ http://localhost:3003/_next/static/chunks/b2b3e_next_dist_77a734fe._.js:2297
[   24099ms] [LOG] [HMR] connected @ http://localhost:3003/_next/static/chunks/b2b3e_next_dist_77a734fe._.js:2297
[   24338ms] [LOG] [Fast Refresh] rebuilding @ http://localhost:3003/_next/static/chunks/b2b3e_next_dist_77a734fe._.js:2297
[   24538ms] [INFO] %cDownload the React DevTools for a better development experience: https://react.dev/link/react-devtools font-weight:bold @ http://localhost:3003/_next/static/chunks/b2b3e_next_dist_77a734fe._.js:2297
[   24571ms] [LOG] [HMR] connected @ http://localhost:3003/_next/static/chunks/b2b3e_next_dist_77a734fe._.js:2297
[   24706ms] [LOG] [Fast Refresh] rebuilding @ http://localhost:3003/_next/static/chunks/b2b3e_next_dist_77a734fe._.js:2297
[   24949ms] [INFO] %cDownload the React DevTools for a better development experience: https://react.dev/link/react-devtools font-weight:bold @ http://localhost:3003/_next/static/chunks/b2b3e_next_dist_77a734fe._.js:2297
[   25071ms] [LOG] [HMR] connected @ http://localhost:3003/_next/static/chunks/b2b3e_next_dist_77a734fe._.js:2297
[   25155ms] [LOG] [Fast Refresh] rebuilding @ http://localhost:3003/_next/static/chunks/b2b3e_next_dist_77a734fe._.js:2297
[   25372ms] [INFO] %cDownload the React DevTools for a better development experience: https://react.dev/link/react-devtools font-weight:bold @ http://localhost:3003/_next/static/chunks/b2b3e_next_dist_77a734fe._.js:2297
[   25399ms] [LOG] [HMR] connected @ http://localhost:3003/_next/static/chunks/b2b3e_next_dist_77a734fe._.js:2297
[   25493ms] [LOG] [Fast Refresh] rebuilding @ http://localhost:3003/_next/static/chunks/b2b3e_next_dist_77a734fe._.js:2297
[   25686ms] [INFO] %cDownload the React DevTools for a better development experience: https://react.dev/link/react-devtools font-weight:bold @ http://localhost:3003/_next/static/chunks/b2b3e_next_dist_77a734fe._.js:2297
[   25714ms] [LOG] [HMR] connected @ http://localhost:3003/_next/static/chunks/b2b3e_next_dist_77a734fe._.js:2297
[   25819ms] [LOG] [Fast Refresh] rebuilding @ http://localhost:3003/_next/static/chunks/b2b3e_next_dist_77a734fe._.js:2297
[   26015ms] [INFO] %cDownload the React DevTools for a better development experience: https://react.dev/link/react-devtools font-weight:bold @ http://localhost:3003/_next/static/chunks/b2b3e_next_dist_77a734fe._.js:2297
[   26051ms] [LOG] [HMR] connected @ http://localhost:3003/_next/static/chunks/b2b3e_next_dist_77a734fe._.js:2297
[   26145ms] [LOG] [Fast Refresh] rebuilding @ http://localhost:3003/_next/static/chunks/b2b3e_next_dist_77a734fe._.js:2297
[   26337ms] [INFO] %cDownload the React DevTools for a better development experience: https://react.dev/link/react-devtools font-weight:bold @ http://localhost:3003/_next/static/chunks/b2b3e_next_dist_77a734fe._.js:2297
[   26372ms] [LOG] [HMR] connected @ http://localhost:3003/_next/static/chunks/b2b3e_next_dist_77a734fe._.js:2297
[   26471ms] [LOG] [Fast Refresh] rebuilding @ http://localhost:3003/_next/static/chunks/b2b3e_next_dist_77a734fe._.js:2297
[   26672ms] [INFO] %cDownload the React DevTools for a better development experience: https://react.dev/link/react-devtools font-weight:bold @ http://localhost:3003/_next/static/chunks/b2b3e_next_dist_77a734fe._.js:2297
[   26705ms] [LOG] [HMR] connected @ http://localhost:3003/_next/static/chunks/b2b3e_next_dist_77a734fe._.js:2297
[   26803ms] [LOG] [Fast Refresh] rebuilding @ http://localhost:3003/_next/static/chunks/b2b3e_next_dist_77a734fe._.js:2297
[   27008ms] [INFO] %cDownload the React DevTools for a better development experience: https://react.dev/link/react-devtools font-weight:bold @ http://localhost:3003/_next/static/chunks/b2b3e_next_dist_77a734fe._.js:2297
[   27032ms] [LOG] [HMR] connected @ http://localhost:3003/_next/static/chunks/b2b3e_next_dist_77a734fe._.js:2297
[   27152ms] [LOG] [Fast Refresh] rebuilding @ http://localhost:3003/_next/static/chunks/b2b3e_next_dist_77a734fe._.js:2297
[   27338ms] [INFO] %cDownload the React DevTools for a better development experience: https://react.dev/link/react-devtools font-weight:bold @ http://localhost:3003/_next/static/chunks/b2b3e_next_dist_77a734fe._.js:2297
[   27368ms] [LOG] [HMR] connected @ http://localhost:3003/_next/static/chunks/b2b3e_next_dist_77a734fe._.js:2297
[   27464ms] [LOG] [Fast Refresh] rebuilding @ http://localhost:3003/_next/static/chunks/b2b3e_next_dist_77a734fe._.js:2297
[   27658ms] [INFO] %cDownload the React DevTools for a better development experience: https://react.dev/link/react-devtools font-weight:bold @ http://localhost:3003/_next/static/chunks/b2b3e_next_dist_77a734fe._.js:2297
[   27684ms] [LOG] [HMR] connected @ http://localhost:3003/_next/static/chunks/b2b3e_next_dist_77a734fe._.js:2297
[   27778ms] [LOG] [Fast Refresh] rebuilding @ http://localhost:3003/_next/static/chunks/b2b3e_next_dist_77a734fe._.js:2297
[   28128ms] [INFO] %cDownload the React DevTools for a better development experience: https://react.dev/link/react-devtools font-weight:bold @ http://localhost:3003/_next/static/chunks/b2b3e_next_dist_77a734fe._.js:2297
[   28152ms] [LOG] [HMR] connected @ http://localhost:3003/_next/static/chunks/b2b3e_next_dist_77a734fe._.js:2297
[   28142ms] [LOG] [Fast Refresh] rebuilding @ http://localhost:3003/_next/static/chunks/b2b3e_next_dist_77a734fe._.js:2297
[   28336ms] [INFO] %cDownload the React DevTools for a better development experience: https://react.dev/link/react-devtools font-weight:bold @ http://localhost:3003/_next/static/chunks/b2b3e_next_dist_77a734fe._.js:2297
[   28367ms] [LOG] [HMR] connected @ http://localhost:3003/_next/static/chunks/b2b3e_next_dist_77a734fe._.js:2297
[   28458ms] [LOG] [Fast Refresh] rebuilding @ http://localhost:3003/_next/static/chunks/b2b3e_next_dist_77a734fe._.js:2297
[   28653ms] [INFO] %cDownload the React DevTools for a better development experience: https://react.dev/link/react-devtools font-weight:bold @ http://localhost:3003/_next/static/chunks/b2b3e_next_dist_77a734fe._.js:2297
[   28684ms] [LOG] [HMR] connected @ http://localhost:3003/_next/static/chunks/b2b3e_next_dist_77a734fe._.js:2297
[   28775ms] [LOG] [Fast Refresh] rebuilding @ http://localhost:3003/_next/static/chunks/b2b3e_next_dist_77a734fe._.js:2297
[   28972ms] [INFO] %cDownload the React DevTools for a better development experience: https://react.dev/link/react-devtools font-weight:bold @ http://localhost:3003/_next/static/chunks/b2b3e_next_dist_77a734fe._.js:2297
[   29001ms] [LOG] [HMR] connected @ http://localhost:3003/_next/static/chunks/b2b3e_next_dist_77a734fe._.js:2297
[   29122ms] [LOG] [Fast Refresh] rebuilding @ http://localhost:3003/_next/static/chunks/b2b3e_next_dist_77a734fe._.js:2297
[   29321ms] [INFO] %cDownload the React DevTools for a better development experience: https://react.dev/link/react-devtools font-weight:bold @ http://localhost:3003/_next/static/chunks/b2b3e_next_dist_77a734fe._.js:2297
[   29350ms] [LOG] [HMR] connected @ http://localhost:3003/_next/static/chunks/b2b3e_next_dist_77a734fe._.js:2297
[   29470ms] [LOG] [Fast Refresh] rebuilding @ http://localhost:3003/_next/static/chunks/b2b3e_next_dist_77a734fe._.js:2297
[   29657ms] [INFO] %cDownload the React DevTools for a better development experience: https://react.dev/link/react-devtools font-weight:bold @ http://localhost:3003/_next/static/chunks/b2b3e_next_dist_77a734fe._.js:2297
[   29684ms] [LOG] [HMR] connected @ http://localhost:3003/_next/static/chunks/b2b3e_next_dist_77a734fe._.js:2297
[   29779ms] [LOG] [Fast Refresh] rebuilding @ http://localhost:3003/_next/static/chunks/b2b3e_next_dist_77a734fe._.js:2297
[   29968ms] [INFO] %cDownload the React DevTools for a better development experience: https://react.dev/link/react-devtools font-weight:bold @ http://localhost:3003/_next/static/chunks/b2b3e_next_dist_77a734fe._.js:2297
[   30002ms] [LOG] [HMR] connected @ http://localhost:3003/_next/static/chunks/b2b3e_next_dist_77a734fe._.js:2297
[   30091ms] [LOG] [Fast Refresh] rebuilding @ http://localhost:3003/_next/static/chunks/b2b3e_next_dist_77a734fe._.js:2297
[   30284ms] [INFO] %cDownload the React DevTools for a better development experience: https://react.dev/link/react-devtools font-weight:bold @ http://localhost:3003/_next/static/chunks/b2b3e_next_dist_77a734fe._.js:2297
[   30299ms] [LOG] [HMR] connected @ http://localhost:3003/_next/static/chunks/b2b3e_next_dist_77a734fe._.js:2297
[   30403ms] [LOG] [Fast Refresh] rebuilding @ http://localhost:3003/_next/static/chunks/b2b3e_next_dist_77a734fe._.js:2297
[   30595ms] [INFO] %cDownload the React DevTools for a better development experience: https://react.dev/link/react-devtools font-weight:bold @ http://localhost:3003/_next/static/chunks/b2b3e_next_dist_77a734fe._.js:2297
[   30619ms] [LOG] [HMR] connected @ http://localhost:3003/_next/static/chunks/b2b3e_next_dist_77a734fe._.js:2297
[   30718ms] [LOG] [Fast Refresh] rebuilding @ http://localhost:3003/_next/static/chunks/b2b3e_next_dist_77a734fe._.js:2297
[   30918ms] [INFO] %cDownload the React DevTools for a better development experience: https://react.dev/link/react-devtools font-weight:bold @ http://localhost:3003/_next/static/chunks/b2b3e_next_dist_77a734fe._.js:2297
[   30940ms] [LOG] [HMR] connected @ http://localhost:3003/_next/static/chunks/b2b3e_next_dist_77a734fe._.js:2297
[   31054ms] [LOG] [Fast Refresh] rebuilding @ http://localhost:3003/_next/static/chunks/b2b3e_next_dist_77a734fe._.js:2297
[   31247ms] [INFO] %cDownload the React DevTools for a better development experience: https://react.dev/link/react-devtools font-weight:bold @ http://localhost:3003/_next/static/chunks/b2b3e_next_dist_77a734fe._.js:2297
[   31271ms] [LOG] [HMR] connected @ http://localhost:3003/_next/static/chunks/b2b3e_next_dist_77a734fe._.js:2297
[   31372ms] [LOG] [Fast Refresh] rebuilding @ http://localhost:3003/_next/static/chunks/b2b3e_next_dist_77a734fe._.js:2297
[   31558ms] [INFO] %cDownload the React DevTools for a better development experience: https://react.dev/link/react-devtools font-weight:bold @ http://localhost:3003/_next/static/chunks/b2b3e_next_dist_77a734fe._.js:2297
[   31594ms] [LOG] [HMR] connected @ http://localhost:3003/_next/static/chunks/b2b3e_next_dist_77a734fe._.js:2297
[   31682ms] [LOG] [Fast Refresh] rebuilding @ http://localhost:3003/_next/static/chunks/b2b3e_next_dist_77a734fe._.js:2297
[   31883ms] [INFO] %cDownload the React DevTools for a better development experience: https://react.dev/link/react-devtools font-weight:bold @ http://localhost:3003/_next/static/chunks/b2b3e_next_dist_77a734fe._.js:2297
[   31905ms] [LOG] [HMR] connected @ http://localhost:3003/_next/static/chunks/b2b3e_next_dist_77a734fe._.js:2297
[   32005ms] [LOG] [Fast Refresh] rebuilding @ http://localhost:3003/_next/static/chunks/b2b3e_next_dist_77a734fe._.js:2297
[   32197ms] [INFO] %cDownload the React DevTools for a better development experience: https://react.dev/link/react-devtools font-weight:bold @ http://localhost:3003/_next/static/chunks/b2b3e_next_dist_77a734fe._.js:2297
[   32219ms] [LOG] [HMR] connected @ http://localhost:3003/_next/static/chunks/b2b3e_next_dist_77a734fe._.js:2297
[   32327ms] [LOG] [Fast Refresh] rebuilding @ http://localhost:3003/_next/static/chunks/b2b3e_next_dist_77a734fe._.js:2297
[   32517ms] [INFO] %cDownload the React DevTools for a better development experience: https://react.dev/link/react-devtools font-weight:bold @ http://localhost:3003/_next/static/chunks/b2b3e_next_dist_77a734fe._.js:2297
[   32541ms] [LOG] [HMR] connected @ http://localhost:3003/_next/static/chunks/b2b3e_next_dist_77a734fe._.js:2297
[   32655ms] [LOG] [Fast Refresh] rebuilding @ http://localhost:3003/_next/static/chunks/b2b3e_next_dist_77a734fe._.js:2297
[   32853ms] [INFO] %cDownload the React DevTools for a better development experience: https://react.dev/link/react-devtools font-weight:bold @ http://localhost:3003/_next/static/chunks/b2b3e_next_dist_77a734fe._.js:2297
[   32877ms] [LOG] [HMR] connected @ http://localhost:3003/_next/static/chunks/b2b3e_next_dist_77a734fe._.js:2297
[   32986ms] [LOG] [Fast Refresh] rebuilding @ http://localhost:3003/_next/static/chunks/b2b3e_next_dist_77a734fe._.js:2297
[   33187ms] [INFO] %cDownload the React DevTools for a better development experience: https://react.dev/link/react-devtools font-weight:bold @ http://localhost:3003/_next/static/chunks/b2b3e_next_dist_77a734fe._.js:2297
[   33231ms] [LOG] [HMR] connected @ http://localhost:3003/_next/static/chunks/b2b3e_next_dist_77a734fe._.js:2297
[   33327ms] [LOG] [Fast Refresh] rebuilding @ http://localhost:3003/_next/static/chunks/b2b3e_next_dist_77a734fe._.js:2297
[   33532ms] [INFO] %cDownload the React DevTools for a better development experience: https://react.dev/link/react-devtools font-weight:bold @ http://localhost:3003/_next/static/chunks/b2b3e_next_dist_77a734fe._.js:2297
[   33556ms] [LOG] [HMR] connected @ http://localhost:3003/_next/static/chunks/b2b3e_next_dist_77a734fe._.js:2297
[   33669ms] [LOG] [Fast Refresh] rebuilding @ http://localhost:3003/_next/static/chunks/b2b3e_next_dist_77a734fe._.js:2297
[   33863ms] [INFO] %cDownload the React DevTools for a better development experience: https://react.dev/link/react-devtools font-weight:bold @ http://localhost:3003/_next/static/chunks/b2b3e_next_dist_77a734fe._.js:2297
[   33891ms] [LOG] [HMR] connected @ http://localhost:3003/_next/static/chunks/b2b3e_next_dist_77a734fe._.js:2297
[   33992ms] [LOG] [Fast Refresh] rebuilding @ http://localhost:3003/_next/static/chunks/b2b3e_next_dist_77a734fe._.js:2297
[   34185ms] [INFO] %cDownload the React DevTools for a better development experience: https://react.dev/link/react-devtools font-weight:bold @ http://localhost:3003/_next/static/chunks/b2b3e_next_dist_77a734fe._.js:2297
[   34207ms] [LOG] [HMR] connected @ http://localhost:3003/_next/static/chunks/b2b3e_next_dist_77a734fe._.js:2297
[   34308ms] [LOG] [Fast Refresh] rebuilding @ http://localhost:3003/_next/static/chunks/b2b3e_next_dist_77a734fe._.js:2297
[   34500ms] [INFO] %cDownload the React DevTools for a better development experience: https://react.dev/link/react-devtools font-weight:bold @ http://localhost:3003/_next/static/chunks/b2b3e_next_dist_77a734fe._.js:2297
[   34525ms] [LOG] [HMR] connected @ http://localhost:3003/_next/static/chunks/b2b3e_next_dist_77a734fe._.js:2297
[   34625ms] [LOG] [Fast Refresh] rebuilding @ http://localhost:3003/_next/static/chunks/b2b3e_next_dist_77a734fe._.js:2297
[   34813ms] [INFO] %cDownload the React DevTools for a better development experience: https://react.dev/link/react-devtools font-weight:bold @ http://localhost:3003/_next/static/chunks/b2b3e_next_dist_77a734fe._.js:2297
[   34835ms] [LOG] [HMR] connected @ http://localhost:3003/_next/static/chunks/b2b3e_next_dist_77a734fe._.js:2297
[   34941ms] [LOG] [Fast Refresh] rebuilding @ http://localhost:3003/_next/static/chunks/b2b3e_next_dist_77a734fe._.js:2297
[   35134ms] [INFO] %cDownload the React DevTools for a better development experience: https://react.dev/link/react-devtools font-weight:bold @ http://localhost:3003/_next/static/chunks/b2b3e_next_dist_77a734fe._.js:2297
[   35155ms] [LOG] [HMR] connected @ http://localhost:3003/_next/static/chunks/b2b3e_next_dist_77a734fe._.js:2297
[   35258ms] [LOG] [Fast Refresh] rebuilding @ http://localhost:3003/_next/static/chunks/b2b3e_next_dist_77a734fe._.js:2297
[   35452ms] [INFO] %cDownload the React DevTools for a better development experience: https://react.dev/link/react-devtools font-weight:bold @ http://localhost:3003/_next/static/chunks/b2b3e_next_dist_77a734fe._.js:2297
[   35475ms] [LOG] [HMR] connected @ http://localhost:3003/_next/static/chunks/b2b3e_next_dist_77a734fe._.js:2297
[   35572ms] [LOG] [Fast Refresh] rebuilding @ http://localhost:3003/_next/static/chunks/b2b3e_next_dist_77a734fe._.js:2297
[   35762ms] [INFO] %cDownload the React DevTools for a better development experience: https://react.dev/link/react-devtools font-weight:bold @ http://localhost:3003/_next/static/chunks/b2b3e_next_dist_77a734fe._.js:2297
[   35798ms] [LOG] [HMR] connected @ http://localhost:3003/_next/static/chunks/b2b3e_next_dist_77a734fe._.js:2297
[   35917ms] [LOG] [Fast Refresh] rebuilding @ http://localhost:3003/_next/static/chunks/b2b3e_next_dist_77a734fe._.js:2297
[   36117ms] [INFO] %cDownload the React DevTools for a better development experience: https://react.dev/link/react-devtools font-weight:bold @ http://localhost:3003/_next/static/chunks/b2b3e_next_dist_77a734fe._.js:2297
[   36155ms] [LOG] [HMR] connected @ http://localhost:3003/_next/static/chunks/b2b3e_next_dist_77a734fe._.js:2297
[   36242ms] [LOG] [Fast Refresh] rebuilding @ http://localhost:3003/_next/static/chunks/b2b3e_next_dist_77a734fe._.js:2297
[   36431ms] [INFO] %cDownload the React DevTools for a better development experience: https://react.dev/link/react-devtools font-weight:bold @ http://localhost:3003/_next/static/chunks/b2b3e_next_dist_77a734fe._.js:2297
[   36454ms] [LOG] [HMR] connected @ http://localhost:3003/_next/static/chunks/b2b3e_next_dist_77a734fe._.js:2297
[   36558ms] [LOG] [Fast Refresh] rebuilding @ http://localhost:3003/_next/static/chunks/b2b3e_next_dist_77a734fe._.js:2297
[   36761ms] [INFO] %cDownload the React DevTools for a better development experience: https://react.dev/link/react-devtools font-weight:bold @ http://localhost:3003/_next/static/chunks/b2b3e_next_dist_77a734fe._.js:2297
[   36790ms] [LOG] [HMR] connected @ http://localhost:3003/_next/static/chunks/b2b3e_next_dist_77a734fe._.js:2297
[   36884ms] [LOG] [Fast Refresh] rebuilding @ http://localhost:3003/_next/static/chunks/b2b3e_next_dist_77a734fe._.js:2297
[   37074ms] [INFO] %cDownload the React DevTools for a better development experience: https://react.dev/link/react-devtools font-weight:bold @ http://localhost:3003/_next/static/chunks/b2b3e_next_dist_77a734fe._.js:2297
[   37097ms] [LOG] [HMR] connected @ http://localhost:3003/_next/static/chunks/b2b3e_next_dist_77a734fe._.js:2297
[   37198ms] [LOG] [Fast Refresh] rebuilding @ http://localhost:3003/_next/static/chunks/b2b3e_next_dist_77a734fe._.js:2297
[   37392ms] [INFO] %cDownload the React DevTools for a better development experience: https://react.dev/link/react-devtools font-weight:bold @ http://localhost:3003/_next/static/chunks/b2b3e_next_dist_77a734fe._.js:2297
[   37424ms] [LOG] [HMR] connected @ http://localhost:3003/_next/static/chunks/b2b3e_next_dist_77a734fe._.js:2297
[   37518ms] [LOG] [Fast Refresh] rebuilding @ http://localhost:3003/_next/static/chunks/b2b3e_next_dist_77a734fe._.js:2297
[   37707ms] [INFO] %cDownload the React DevTools for a better development experience: https://react.dev/link/react-devtools font-weight:bold @ http://localhost:3003/_next/static/chunks/b2b3e_next_dist_77a734fe._.js:2297
[   37741ms] [LOG] [HMR] connected @ http://localhost:3003/_next/static/chunks/b2b3e_next_dist_77a734fe._.js:2297
[   37832ms] [LOG] [Fast Refresh] rebuilding @ http://localhost:3003/_next/static/chunks/b2b3e_next_dist_77a734fe._.js:2297
[   38024ms] [INFO] %cDownload the React DevTools for a better development experience: https://react.dev/link/react-devtools font-weight:bold @ http://localhost:3003/_next/static/chunks/b2b3e_next_dist_77a734fe._.js:2297
[   38213ms] [LOG] [HMR] connected @ http://localhost:3003/_next/static/chunks/b2b3e_next_dist_77a734fe._.js:2297
[   38238ms] [LOG] [Fast Refresh] rebuilding @ http://localhost:3003/_next/static/chunks/b2b3e_next_dist_77a734fe._.js:2297
[   38441ms] [INFO] %cDownload the React DevTools for a better development experience: https://react.dev/link/react-devtools font-weight:bold @ http://localhost:3003/_next/static/chunks/b2b3e_next_dist_77a734fe._.js:2297
[   38473ms] [LOG] [HMR] connected @ http://localhost:3003/_next/static/chunks/b2b3e_next_dist_77a734fe._.js:2297
[   38601ms] [LOG] [Fast Refresh] rebuilding @ http://localhost:3003/_next/static/chunks/b2b3e_next_dist_77a734fe._.js:2297
[   38814ms] [INFO] %cDownload the React DevTools for a better development experience: https://react.dev/link/react-devtools font-weight:bold @ http://localhost:3003/_next/static/chunks/b2b3e_next_dist_77a734fe._.js:2297
[   38863ms] [LOG] [HMR] connected @ http://localhost:3003/_next/static/chunks/b2b3e_next_dist_77a734fe._.js:2297
[   38964ms] [LOG] [Fast Refresh] rebuilding @ http://localhost:3003/_next/static/chunks/b2b3e_next_dist_77a734fe._.js:2297
[   39152ms] [INFO] %cDownload the React DevTools for a better development experience: https://react.dev/link/react-devtools font-weight:bold @ http://localhost:3003/_next/static/chunks/b2b3e_next_dist_77a734fe._.js:2297
[   39173ms] [LOG] [HMR] connected @ http://localhost:3003/_next/static/chunks/b2b3e_next_dist_77a734fe._.js:2297
[   39275ms] [LOG] [Fast Refresh] rebuilding @ http://localhost:3003/_next/static/chunks/b2b3e_next_dist_77a734fe._.js:2297
[   39464ms] [INFO] %cDownload the React DevTools for a better development experience: https://react.dev/link/react-devtools font-weight:bold @ http://localhost:3003/_next/static/chunks/b2b3e_next_dist_77a734fe._.js:2297
[   39497ms] [LOG] [HMR] connected @ http://localhost:3003/_next/static/chunks/b2b3e_next_dist_77a734fe._.js:2297
[   39584ms] [LOG] [Fast Refresh] rebuilding @ http://localhost:3003/_next/static/chunks/b2b3e_next_dist_77a734fe._.js:2297
[   39776ms] [INFO] %cDownload the React DevTools for a better development experience: https://react.dev/link/react-devtools font-weight:bold @ http://localhost:3003/_next/static/chunks/b2b3e_next_dist_77a734fe._.js:2297
[   39809ms] [LOG] [HMR] connected @ http://localhost:3003/_next/static/chunks/b2b3e_next_dist_77a734fe._.js:2297
[   39897ms] [LOG] [Fast Refresh] rebuilding @ http://localhost:3003/_next/static/chunks/b2b3e_next_dist_77a734fe._.js:2297
[   40091ms] [INFO] %cDownload the React DevTools for a better development experience: https://react.dev/link/react-devtools font-weight:bold @ http://localhost:3003/_next/static/chunks/b2b3e_next_dist_77a734fe._.js:2297
[   40122ms] [LOG] [HMR] connected @ http://localhost:3003/_next/static/chunks/b2b3e_next_dist_77a734fe._.js:2297
[   40220ms] [LOG] [Fast Refresh] rebuilding @ http://localhost:3003/_next/static/chunks/b2b3e_next_dist_77a734fe._.js:2297
[   40414ms] [INFO] %cDownload the React DevTools for a better development experience: https://react.dev/link/react-devtools font-weight:bold @ http://localhost:3003/_next/static/chunks/b2b3e_next_dist_77a734fe._.js:2297
[   40445ms] [LOG] [HMR] connected @ http://localhost:3003/_next/static/chunks/b2b3e_next_dist_77a734fe._.js:2297
[   40558ms] [LOG] [Fast Refresh] rebuilding @ http://localhost:3003/_next/static/chunks/b2b3e_next_dist_77a734fe._.js:2297
[   40745ms] [INFO] %cDownload the React DevTools for a better development experience: https://react.dev/link/react-devtools font-weight:bold @ http://localhost:3003/_next/static/chunks/b2b3e_next_dist_77a734fe._.js:2297
[   40772ms] [LOG] [HMR] connected @ http://localhost:3003/_next/static/chunks/b2b3e_next_dist_77a734fe._.js:2297
[   40879ms] [LOG] [Fast Refresh] rebuilding @ http://localhost:3003/_next/static/chunks/b2b3e_next_dist_77a734fe._.js:2297
[   41072ms] [INFO] %cDownload the React DevTools for a better development experience: https://react.dev/link/react-devtools font-weight:bold @ http://localhost:3003/_next/static/chunks/b2b3e_next_dist_77a734fe._.js:2297
[   41094ms] [LOG] [HMR] connected @ http://localhost:3003/_next/static/chunks/b2b3e_next_dist_77a734fe._.js:2297
[   41196ms] [LOG] [Fast Refresh] rebuilding @ http://localhost:3003/_next/static/chunks/b2b3e_next_dist_77a734fe._.js:2297
[   41386ms] [INFO] %cDownload the React DevTools for a better development experience: https://react.dev/link/react-devtools font-weight:bold @ http://localhost:3003/_next/static/chunks/b2b3e_next_dist_77a734fe._.js:2297
[   41402ms] [LOG] [HMR] connected @ http://localhost:3003/_next/static/chunks/b2b3e_next_dist_77a734fe._.js:2297
[   41512ms] [LOG] [Fast Refresh] rebuilding @ http://localhost:3003/_next/static/chunks/b2b3e_next_dist_77a734fe._.js:2297
[   41716ms] [INFO] %cDownload the React DevTools for a better development experience: https://react.dev/link/react-devtools font-weight:bold @ http://localhost:3003/_next/static/chunks/b2b3e_next_dist_77a734fe._.js:2297
[   41732ms] [LOG] [HMR] connected @ http://localhost:3003/_next/static/chunks/b2b3e_next_dist_77a734fe._.js:2297
[   41851ms] [LOG] [Fast Refresh] rebuilding @ http://localhost:3003/_next/static/chunks/b2b3e_next_dist_77a734fe._.js:2297
[   42055ms] [INFO] %cDownload the React DevTools for a better development experience: https://react.dev/link/react-devtools font-weight:bold @ http://localhost:3003/_next/static/chunks/b2b3e_next_dist_77a734fe._.js:2297
[   42078ms] [LOG] [HMR] connected @ http://localhost:3003/_next/static/chunks/b2b3e_next_dist_77a734fe._.js:2297
[   42191ms] [LOG] [Fast Refresh] rebuilding @ http://localhost:3003/_next/static/chunks/b2b3e_next_dist_77a734fe._.js:2297
[   42387ms] [INFO] %cDownload the React DevTools for a better development experience: https://react.dev/link/react-devtools font-weight:bold @ http://localhost:3003/_next/static/chunks/b2b3e_next_dist_77a734fe._.js:2297
[   42411ms] [LOG] [HMR] connected @ http://localhost:3003/_next/static/chunks/b2b3e_next_dist_77a734fe._.js:2297
[   42509ms] [LOG] [Fast Refresh] rebuilding @ http://localhost:3003/_next/static/chunks/b2b3e_next_dist_77a734fe._.js:2297
[   42697ms] [INFO] %cDownload the React DevTools for a better development experience: https://react.dev/link/react-devtools font-weight:bold @ http://localhost:3003/_next/static/chunks/b2b3e_next_dist_77a734fe._.js:2297
[   42725ms] [LOG] [HMR] connected @ http://localhost:3003/_next/static/chunks/b2b3e_next_dist_77a734fe._.js:2297
[   42857ms] [LOG] [Fast Refresh] rebuilding @ http://localhost:3003/_next/static/chunks/b2b3e_next_dist_77a734fe._.js:2297
[   43046ms] [INFO] %cDownload the React DevTools for a better development experience: https://react.dev/link/react-devtools font-weight:bold @ http://localhost:3003/_next/static/chunks/b2b3e_next_dist_77a734fe._.js:2297
[   43080ms] [LOG] [HMR] connected @ http://localhost:3003/_next/static/chunks/b2b3e_next_dist_77a734fe._.js:2297
[   43177ms] [LOG] [Fast Refresh] rebuilding @ http://localhost:3003/_next/static/chunks/b2b3e_next_dist_77a734fe._.js:2297
[   43372ms] [INFO] %cDownload the React DevTools for a better development experience: https://react.dev/link/react-devtools font-weight:bold @ http://localhost:3003/_next/static/chunks/b2b3e_next_dist_77a734fe._.js:2297
[   43398ms] [LOG] [HMR] connected @ http://localhost:3003/_next/static/chunks/b2b3e_next_dist_77a734fe._.js:2297
[   43487ms] [LOG] [Fast Refresh] rebuilding @ http://localhost:3003/_next/static/chunks/b2b3e_next_dist_77a734fe._.js:2297
[   43703ms] [INFO] %cDownload the React DevTools for a better development experience: https://react.dev/link/react-devtools font-weight:bold @ http://localhost:3003/_next/static/chunks/b2b3e_next_dist_77a734fe._.js:2297
[   43727ms] [LOG] [HMR] connected @ http://localhost:3003/_next/static/chunks/b2b3e_next_dist_77a734fe._.js:2297
[   43848ms] [LOG] [Fast Refresh] rebuilding @ http://localhost:3003/_next/static/chunks/b2b3e_next_dist_77a734fe._.js:2297
[   44046ms] [INFO] %cDownload the React DevTools for a better development experience: https://react.dev/link/react-devtools font-weight:bold @ http://localhost:3003/_next/static/chunks/b2b3e_next_dist_77a734fe._.js:2297
[   44081ms] [LOG] [HMR] connected @ http://localhost:3003/_next/static/chunks/b2b3e_next_dist_77a734fe._.js:2297
[   44163ms] [LOG] [Fast Refresh] rebuilding @ http://localhost:3003/_next/static/chunks/b2b3e_next_dist_77a734fe._.js:2297
[   44363ms] [INFO] %cDownload the React DevTools for a better development experience: https://react.dev/link/react-devtools font-weight:bold @ http://localhost:3003/_next/static/chunks/b2b3e_next_dist_77a734fe._.js:2297
[   44392ms] [LOG] [HMR] connected @ http://localhost:3003/_next/static/chunks/b2b3e_next_dist_77a734fe._.js:2297
[   44496ms] [LOG] [Fast Refresh] rebuilding @ http://localhost:3003/_next/static/chunks/b2b3e_next_dist_77a734fe._.js:2297
[   44691ms] [INFO] %cDownload the React DevTools for a better development experience: https://react.dev/link/react-devtools font-weight:bold @ http://localhost:3003/_next/static/chunks/b2b3e_next_dist_77a734fe._.js:2297
[   44714ms] [LOG] [HMR] connected @ http://localhost:3003/_next/static/chunks/b2b3e_next_dist_77a734fe._.js:2297
[   44808ms] [LOG] [Fast Refresh] rebuilding @ http://localhost:3003/_next/static/chunks/b2b3e_next_dist_77a734fe._.js:2297
[   45023ms] [INFO] %cDownload the React DevTools for a better development experience: https://react.dev/link/react-devtools font-weight:bold @ http://localhost:3003/_next/static/chunks/b2b3e_next_dist_77a734fe._.js:2297
[   45049ms] [LOG] [HMR] connected @ http://localhost:3003/_next/static/chunks/b2b3e_next_dist_77a734fe._.js:2297
[   45154ms] [LOG] [Fast Refresh] rebuilding @ http://localhost:3003/_next/static/chunks/b2b3e_next_dist_77a734fe._.js:2297
[   45342ms] [INFO] %cDownload the React DevTools for a better development experience: https://react.dev/link/react-devtools font-weight:bold @ http://localhost:3003/_next/static/chunks/b2b3e_next_dist_77a734fe._.js:2297
[   45364ms] [LOG] [HMR] connected @ http://localhost:3003/_next/static/chunks/b2b3e_next_dist_77a734fe._.js:2297
[   45469ms] [LOG] [Fast Refresh] rebuilding @ http://localhost:3003/_next/static/chunks/b2b3e_next_dist_77a734fe._.js:2297
[   45658ms] [INFO] %cDownload the React DevTools for a better development experience: https://react.dev/link/react-devtools font-weight:bold @ http://localhost:3003/_next/static/chunks/b2b3e_next_dist_77a734fe._.js:2297
[   45679ms] [LOG] [HMR] connected @ http://localhost:3003/_next/static/chunks/b2b3e_next_dist_77a734fe._.js:2297
[   45784ms] [LOG] [Fast Refresh] rebuilding @ http://localhost:3003/_next/static/chunks/b2b3e_next_dist_77a734fe._.js:2297
[   46008ms] [INFO] %cDownload the React DevTools for a better development experience: https://react.dev/link/react-devtools font-weight:bold @ http://localhost:3003/_next/static/chunks/b2b3e_next_dist_77a734fe._.js:2297
[   46044ms] [LOG] [HMR] connected @ http://localhost:3003/_next/static/chunks/b2b3e_next_dist_77a734fe._.js:2297
[   46171ms] [LOG] [Fast Refresh] rebuilding @ http://localhost:3003/_next/static/chunks/b2b3e_next_dist_77a734fe._.js:2297
[   46385ms] [INFO] %cDownload the React DevTools for a better development experience: https://react.dev/link/react-devtools font-weight:bold @ http://localhost:3003/_next/static/chunks/b2b3e_next_dist_77a734fe._.js:2297
[   46412ms] [LOG] [HMR] connected @ http://localhost:3003/_next/static/chunks/b2b3e_next_dist_77a734fe._.js:2297
[   46522ms] [LOG] [Fast Refresh] rebuilding @ http://localhost:3003/_next/static/chunks/b2b3e_next_dist_77a734fe._.js:2297
[   46716ms] [INFO] %cDownload the React DevTools for a better development experience: https://react.dev/link/react-devtools font-weight:bold @ http://localhost:3003/_next/static/chunks/b2b3e_next_dist_77a734fe._.js:2297
[   46747ms] [LOG] [HMR] connected @ http://localhost:3003/_next/static/chunks/b2b3e_next_dist_77a734fe._.js:2297
[   46857ms] [LOG] [Fast Refresh] rebuilding @ http://localhost:3003/_next/static/chunks/b2b3e_next_dist_77a734fe._.js:2297
[   47057ms] [INFO] %cDownload the React DevTools for a better development experience: https://react.dev/link/react-devtools font-weight:bold @ http://localhost:3003/_next/static/chunks/b2b3e_next_dist_77a734fe._.js:2297
[   47082ms] [LOG] [HMR] connected @ http://localhost:3003/_next/static/chunks/b2b3e_next_dist_77a734fe._.js:2297
[   47184ms] [LOG] [Fast Refresh] rebuilding @ http://localhost:3003/_next/static/chunks/b2b3e_next_dist_77a734fe._.js:2297
[   47378ms] [INFO] %cDownload the React DevTools for a better development experience: https://react.dev/link/react-devtools font-weight:bold @ http://localhost:3003/_next/static/chunks/b2b3e_next_dist_77a734fe._.js:2297
[   47411ms] [LOG] [HMR] connected @ http://localhost:3003/_next/static/chunks/b2b3e_next_dist_77a734fe._.js:2297
[   47514ms] [LOG] [Fast Refresh] rebuilding @ http://localhost:3003/_next/static/chunks/b2b3e_next_dist_77a734fe._.js:2297
[   47701ms] [INFO] %cDownload the React DevTools for a better development experience: https://react.dev/link/react-devtools font-weight:bold @ http://localhost:3003/_next/static/chunks/b2b3e_next_dist_77a734fe._.js:2297
[   47737ms] [LOG] [HMR] connected @ http://localhost:3003/_next/static/chunks/b2b3e_next_dist_77a734fe._.js:2297
[   47840ms] [LOG] [Fast Refresh] rebuilding @ http://localhost:3003/_next/static/chunks/b2b3e_next_dist_77a734fe._.js:2297
[   48027ms] [INFO] %cDownload the React DevTools for a better development experience: https://react.dev/link/react-devtools font-weight:bold @ http://localhost:3003/_next/static/chunks/b2b3e_next_dist_77a734fe._.js:2297
[   48052ms] [LOG] [HMR] connected @ http://localhost:3003/_next/static/chunks/b2b3e_next_dist_77a734fe._.js:2297
[   48175ms] [LOG] [Fast Refresh] rebuilding @ http://localhost:3003/_next/static/chunks/b2b3e_next_dist_77a734fe._.js:2297
[   48361ms] [INFO] %cDownload the React DevTools for a better development experience: https://react.dev/link/react-devtools font-weight:bold @ http://localhost:3003/_next/static/chunks/b2b3e_next_dist_77a734fe._.js:2297
[   48394ms] [LOG] [HMR] connected @ http://localhost:3003/_next/static/chunks/b2b3e_next_dist_77a734fe._.js:2297
[   48494ms] [LOG] [Fast Refresh] rebuilding @ http://localhost:3003/_next/static/chunks/b2b3e_next_dist_77a734fe._.js:2297
[   48697ms] [INFO] %cDownload the React DevTools for a better development experience: https://react.dev/link/react-devtools font-weight:bold @ http://localhost:3003/_next/static/chunks/b2b3e_next_dist_77a734fe._.js:2297
[   48730ms] [LOG] [HMR] connected @ http://localhost:3003/_next/static/chunks/b2b3e_next_dist_77a734fe._.js:2297
[   48831ms] [LOG] [Fast Refresh] rebuilding @ http://localhost:3003/_next/static/chunks/b2b3e_next_dist_77a734fe._.js:2297
[   49030ms] [INFO] %cDownload the React DevTools for a better development experience: https://react.dev/link/react-devtools font-weight:bold @ http://localhost:3003/_next/static/chunks/b2b3e_next_dist_77a734fe._.js:2297
[   49052ms] [LOG] [HMR] connected @ http://localhost:3003/_next/static/chunks/b2b3e_next_dist_77a734fe._.js:2297
[   49165ms] [LOG] [Fast Refresh] rebuilding @ http://localhost:3003/_next/static/chunks/b2b3e_next_dist_77a734fe._.js:2297
[   49358ms] [INFO] %cDownload the React DevTools for a better development experience: https://react.dev/link/react-devtools font-weight:bold @ http://localhost:3003/_next/static/chunks/b2b3e_next_dist_77a734fe._.js:2297
[   49383ms] [LOG] [HMR] connected @ http://localhost:3003/_next/static/chunks/b2b3e_next_dist_77a734fe._.js:2297
[   49473ms] [LOG] [Fast Refresh] rebuilding @ http://localhost:3003/_next/static/chunks/b2b3e_next_dist_77a734fe._.js:2297
[   49670ms] [INFO] %cDownload the React DevTools for a better development experience: https://react.dev/link/react-devtools font-weight:bold @ http://localhost:3003/_next/static/chunks/b2b3e_next_dist_77a734fe._.js:2297
[   49695ms] [LOG] [HMR] connected @ http://localhost:3003/_next/static/chunks/b2b3e_next_dist_77a734fe._.js:2297
[   49795ms] [LOG] [Fast Refresh] rebuilding @ http://localhost:3003/_next/static/chunks/b2b3e_next_dist_77a734fe._.js:2297
[   49996ms] [INFO] %cDownload the React DevTools for a better development experience: https://react.dev/link/react-devtools font-weight:bold @ http://localhost:3003/_next/static/chunks/b2b3e_next_dist_77a734fe._.js:2297
[   50020ms] [LOG] [HMR] connected @ http://localhost:3003/_next/static/chunks/b2b3e_next_dist_77a734fe._.js:2297
[   50122ms] [LOG] [Fast Refresh] rebuilding @ http://localhost:3003/_next/static/chunks/b2b3e_next_dist_77a734fe._.js:2297
[   50336ms] [INFO] %cDownload the React DevTools for a better development experience: https://react.dev/link/react-devtools font-weight:bold @ http://localhost:3003/_next/static/chunks/b2b3e_next_dist_77a734fe._.js:2297
[   50376ms] [LOG] [HMR] connected @ http://localhost:3003/_next/static/chunks/b2b3e_next_dist_77a734fe._.js:2297
[   50481ms] [LOG] [Fast Refresh] rebuilding @ http://localhost:3003/_next/static/chunks/b2b3e_next_dist_77a734fe._.js:2297
[   50678ms] [INFO] %cDownload the React DevTools for a better development experience: https://react.dev/link/react-devtools font-weight:bold @ http://localhost:3003/_next/static/chunks/b2b3e_next_dist_77a734fe._.js:2297
[   50703ms] [LOG] [HMR] connected @ http://localhost:3003/_next/static/chunks/b2b3e_next_dist_77a734fe._.js:2297
[   50804ms] [LOG] [Fast Refresh] rebuilding @ http://localhost:3003/_next/static/chunks/b2b3e_next_dist_77a734fe._.js:2297
[   51004ms] [INFO] %cDownload the React DevTools for a better development experience: https://react.dev/link/react-devtools font-weight:bold @ http://localhost:3003/_next/static/chunks/b2b3e_next_dist_77a734fe._.js:2297
[   51033ms] [LOG] [HMR] connected @ http://localhost:3003/_next/static/chunks/b2b3e_next_dist_77a734fe._.js:2297
[   51128ms] [LOG] [Fast Refresh] rebuilding @ http://localhost:3003/_next/static/chunks/b2b3e_next_dist_77a734fe._.js:2297
[   51323ms] [INFO] %cDownload the React DevTools for a better development experience: https://react.dev/link/react-devtools font-weight:bold @ http://localhost:3003/_next/static/chunks/b2b3e_next_dist_77a734fe._.js:2297
[   51348ms] [LOG] [HMR] connected @ http://localhost:3003/_next/static/chunks/b2b3e_next_dist_77a734fe._.js:2297
[   51464ms] [LOG] [Fast Refresh] rebuilding @ http://localhost:3003/_next/static/chunks/b2b3e_next_dist_77a734fe._.js:2297
[   51669ms] [INFO] %cDownload the React DevTools for a better development experience: https://react.dev/link/react-devtools font-weight:bold @ http://localhost:3003/_next/static/chunks/b2b3e_next_dist_77a734fe._.js:2297
[   51698ms] [LOG] [HMR] connected @ http://localhost:3003/_next/static/chunks/b2b3e_next_dist_77a734fe._.js:2297
[   51804ms] [LOG] [Fast Refresh] rebuilding @ http://localhost:3003/_next/static/chunks/b2b3e_next_dist_77a734fe._.js:2297
[   52001ms] [INFO] %cDownload the React DevTools for a better development experience: https://react.dev/link/react-devtools font-weight:bold @ http://localhost:3003/_next/static/chunks/b2b3e_next_dist_77a734fe._.js:2297
[   52039ms] [LOG] [HMR] connected @ http://localhost:3003/_next/static/chunks/b2b3e_next_dist_77a734fe._.js:2297
[   52130ms] [LOG] [Fast Refresh] rebuilding @ http://localhost:3003/_next/static/chunks/b2b3e_next_dist_77a734fe._.js:2297
[   52323ms] [INFO] %cDownload the React DevTools for a better development experience: https://react.dev/link/react-devtools font-weight:bold @ http://localhost:3003/_next/static/chunks/b2b3e_next_dist_77a734fe._.js:2297
[   52347ms] [LOG] [HMR] connected @ http://localhost:3003/_next/static/chunks/b2b3e_next_dist_77a734fe._.js:2297
[   52451ms] [LOG] [Fast Refresh] rebuilding @ http://localhost:3003/_next/static/chunks/b2b3e_next_dist_77a734fe._.js:2297
[   52650ms] [INFO] %cDownload the React DevTools for a better development experience: https://react.dev/link/react-devtools font-weight:bold @ http://localhost:3003/_next/static/chunks/b2b3e_next_dist_77a734fe._.js:2297
[   52683ms] [LOG] [HMR] connected @ http://localhost:3003/_next/static/chunks/b2b3e_next_dist_77a734fe._.js:2297
[   52768ms] [LOG] [Fast Refresh] rebuilding @ http://localhost:3003/_next/static/chunks/b2b3e_next_dist_77a734fe._.js:2297
[   52976ms] [INFO] %cDownload the React DevTools for a better development experience: https://react.dev/link/react-devtools font-weight:bold @ http://localhost:3003/_next/static/chunks/b2b3e_next_dist_77a734fe._.js:2297
[   53001ms] [LOG] [HMR] connected @ http://localhost:3003/_next/static/chunks/b2b3e_next_dist_77a734fe._.js:2297
[   53117ms] [LOG] [Fast Refresh] rebuilding @ http://localhost:3003/_next/static/chunks/b2b3e_next_dist_77a734fe._.js:2297
[   53322ms] [INFO] %cDownload the React DevTools for a better development experience: https://react.dev/link/react-devtools font-weight:bold @ http://localhost:3003/_next/static/chunks/b2b3e_next_dist_77a734fe._.js:2297
[   53356ms] [LOG] [HMR] connected @ http://localhost:3003/_next/static/chunks/b2b3e_next_dist_77a734fe._.js:2297
[   53440ms] [LOG] [Fast Refresh] rebuilding @ http://localhost:3003/_next/static/chunks/b2b3e_next_dist_77a734fe._.js:2297
[   53636ms] [INFO] %cDownload the React DevTools for a better development experience: https://react.dev/link/react-devtools font-weight:bold @ http://localhost:3003/_next/static/chunks/b2b3e_next_dist_77a734fe._.js:2297
[   53671ms] [LOG] [HMR] connected @ http://localhost:3003/_next/static/chunks/b2b3e_next_dist_77a734fe._.js:2297
[   53767ms] [LOG] [Fast Refresh] rebuilding @ http://localhost:3003/_next/static/chunks/b2b3e_next_dist_77a734fe._.js:2297
[   53977ms] [INFO] %cDownload the React DevTools for a better development experience: https://react.dev/link/react-devtools font-weight:bold @ http://localhost:3003/_next/static/chunks/b2b3e_next_dist_77a734fe._.js:2297
[   54004ms] [LOG] [HMR] connected @ http://localhost:3003/_next/static/chunks/b2b3e_next_dist_77a734fe._.js:2297
[   54108ms] [LOG] [Fast Refresh] rebuilding @ http://localhost:3003/_next/static/chunks/b2b3e_next_dist_77a734fe._.js:2297
[   54307ms] [INFO] %cDownload the React DevTools for a better development experience: https://react.dev/link/react-devtools font-weight:bold @ http://localhost:3003/_next/static/chunks/b2b3e_next_dist_77a734fe._.js:2297
[   54341ms] [LOG] [HMR] connected @ http://localhost:3003/_next/static/chunks/b2b3e_next_dist_77a734fe._.js:2297
[   54442ms] [LOG] [Fast Refresh] rebuilding @ http://localhost:3003/_next/static/chunks/b2b3e_next_dist_77a734fe._.js:2297
[   54649ms] [INFO] %cDownload the React DevTools for a better development experience: https://react.dev/link/react-devtools font-weight:bold @ http://localhost:3003/_next/static/chunks/b2b3e_next_dist_77a734fe._.js:2297
[   54683ms] [LOG] [HMR] connected @ http://localhost:3003/_next/static/chunks/b2b3e_next_dist_77a734fe._.js:2297
[   54786ms] [LOG] [Fast Refresh] rebuilding @ http://localhost:3003/_next/static/chunks/b2b3e_next_dist_77a734fe._.js:2297
[   55003ms] [INFO] %cDownload the React DevTools for a better development experience: https://react.dev/link/react-devtools font-weight:bold @ http://localhost:3003/_next/static/chunks/b2b3e_next_dist_77a734fe._.js:2297
[   55036ms] [LOG] [HMR] connected @ http://localhost:3003/_next/static/chunks/b2b3e_next_dist_77a734fe._.js:2297
[   55165ms] [LOG] [Fast Refresh] rebuilding @ http://localhost:3003/_next/static/chunks/b2b3e_next_dist_77a734fe._.js:2297
[   55881ms] [INFO] %cDownload the React DevTools for a better development experience: https://react.dev/link/react-devtools font-weight:bold @ http://localhost:3003/_next/static/chunks/b2b3e_next_dist_77a734fe._.js:2297
[   55904ms] [LOG] [HMR] connected @ http://localhost:3003/_next/static/chunks/b2b3e_next_dist_77a734fe._.js:2297
[   56030ms] [LOG] [Fast Refresh] rebuilding @ http://localhost:3003/_next/static/chunks/b2b3e_next_dist_77a734fe._.js:2297
[   56234ms] [INFO] %cDownload the React DevTools for a better development experience: https://react.dev/link/react-devtools font-weight:bold @ http://localhost:3003/_next/static/chunks/b2b3e_next_dist_77a734fe._.js:2297
[   56257ms] [LOG] [HMR] connected @ http://localhost:3003/_next/static/chunks/b2b3e_next_dist_77a734fe._.js:2297
[   56377ms] [LOG] [Fast Refresh] rebuilding @ http://localhost:3003/_next/static/chunks/b2b3e_next_dist_77a734fe._.js:2297
[   56583ms] [INFO] %cDownload the React DevTools for a better development experience: https://react.dev/link/react-devtools font-weight:bold @ http://localhost:3003/_next/static/chunks/b2b3e_next_dist_77a734fe._.js:2297
[   56616ms] [LOG] [HMR] connected @ http://localhost:3003/_next/static/chunks/b2b3e_next_dist_77a734fe._.js:2297
[   56718ms] [LOG] [Fast Refresh] rebuilding @ http://localhost:3003/_next/static/chunks/b2b3e_next_dist_77a734fe._.js:2297
[   56930ms] [INFO] %cDownload the React DevTools for a better development experience: https://react.dev/link/react-devtools font-weight:bold @ http://localhost:3003/_next/static/chunks/b2b3e_next_dist_77a734fe._.js:2297
[   56954ms] [LOG] [HMR] connected @ http://localhost:3003/_next/static/chunks/b2b3e_next_dist_77a734fe._.js:2297
[   57094ms] [LOG] [Fast Refresh] rebuilding @ http://localhost:3003/_next/static/chunks/b2b3e_next_dist_77a734fe._.js:2297
[   57314ms] [INFO] %cDownload the React DevTools for a better development experience: https://react.dev/link/react-devtools font-weight:bold @ http://localhost:3003/_next/static/chunks/b2b3e_next_dist_77a734fe._.js:2297
[   57332ms] [LOG] [HMR] connected @ http://localhost:3003/_next/static/chunks/b2b3e_next_dist_77a734fe._.js:2297
[   57471ms] [LOG] [Fast Refresh] rebuilding @ http://localhost:3003/_next/static/chunks/b2b3e_next_dist_77a734fe._.js:2297
[   57671ms] [INFO] %cDownload the React DevTools for a better development experience: https://react.dev/link/react-devtools font-weight:bold @ http://localhost:3003/_next/static/chunks/b2b3e_next_dist_77a734fe._.js:2297
[   57705ms] [LOG] [HMR] connected @ http://localhost:3003/_next/static/chunks/b2b3e_next_dist_77a734fe._.js:2297
[   57810ms] [LOG] [Fast Refresh] rebuilding @ http://localhost:3003/_next/static/chunks/b2b3e_next_dist_77a734fe._.js:2297
[   58019ms] [INFO] %cDownload the React DevTools for a better development experience: https://react.dev/link/react-devtools font-weight:bold @ http://localhost:3003/_next/static/chunks/b2b3e_next_dist_77a734fe._.js:2297
[   57927ms] [LOG] [HMR] connected @ http://localhost:3003/_next/static/chunks/b2b3e_next_dist_77a734fe._.js:2297
[   58069ms] [LOG] [Fast Refresh] rebuilding @ http://localhost:3003/_next/static/chunks/b2b3e_next_dist_77a734fe._.js:2297
[   58264ms] [INFO] %cDownload the React DevTools for a better development experience: https://react.dev/link/react-devtools font-weight:bold @ http://localhost:3003/_next/static/chunks/b2b3e_next_dist_77a734fe._.js:2297
[   58286ms] [LOG] [HMR] connected @ http://localhost:3003/_next/static/chunks/b2b3e_next_dist_77a734fe._.js:2297
[   58416ms] [LOG] [Fast Refresh] rebuilding @ http://localhost:3003/_next/static/chunks/b2b3e_next_dist_77a734fe._.js:2297
[   58610ms] [INFO] %cDownload the React DevTools for a better development experience: https://react.dev/link/react-devtools font-weight:bold @ http://localhost:3003/_next/static/chunks/b2b3e_next_dist_77a734fe._.js:2297
[   58633ms] [LOG] [HMR] connected @ http://localhost:3003/_next/static/chunks/b2b3e_next_dist_77a734fe._.js:2297
[   58753ms] [LOG] [Fast Refresh] rebuilding @ http://localhost:3003/_next/static/chunks/b2b3e_next_dist_77a734fe._.js:2297
[   58942ms] [INFO] %cDownload the React DevTools for a better development experience: https://react.dev/link/react-devtools font-weight:bold @ http://localhost:3003/_next/static/chunks/b2b3e_next_dist_77a734fe._.js:2297
[   58961ms] [LOG] [HMR] connected @ http://localhost:3003/_next/static/chunks/b2b3e_next_dist_77a734fe._.js:2297
[   59091ms] [LOG] [Fast Refresh] rebuilding @ http://localhost:3003/_next/static/chunks/b2b3e_next_dist_77a734fe._.js:2297
[   59285ms] [INFO] %cDownload the React DevTools for a better development experience: https://react.dev/link/react-devtools font-weight:bold @ http://localhost:3003/_next/static/chunks/b2b3e_next_dist_77a734fe._.js:2297
[   59317ms] [LOG] [HMR] connected @ http://localhost:3003/_next/static/chunks/b2b3e_next_dist_77a734fe._.js:2297
[   59421ms] [LOG] [Fast Refresh] rebuilding @ http://localhost:3003/_next/static/chunks/b2b3e_next_dist_77a734fe._.js:2297
[   59615ms] [INFO] %cDownload the React DevTools for a better development experience: https://react.dev/link/react-devtools font-weight:bold @ http://localhost:3003/_next/static/chunks/b2b3e_next_dist_77a734fe._.js:2297
[   59655ms] [LOG] [HMR] connected @ http://localhost:3003/_next/static/chunks/b2b3e_next_dist_77a734fe._.js:2297
[   59793ms] [LOG] [Fast Refresh] rebuilding @ http://localhost:3003/_next/static/chunks/b2b3e_next_dist_77a734fe._.js:2297
[   59993ms] [INFO] %cDownload the React DevTools for a better development experience: https://react.dev/link/react-devtools font-weight:bold @ http://localhost:3003/_next/static/chunks/b2b3e_next_dist_77a734fe._.js:2297
[   60017ms] [LOG] [HMR] connected @ http://localhost:3003/_next/static/chunks/b2b3e_next_dist_77a734fe._.js:2297
[   60131ms] [LOG] [Fast Refresh] rebuilding @ http://localhost:3003/_next/static/chunks/b2b3e_next_dist_77a734fe._.js:2297
[   60339ms] [INFO] %cDownload the React DevTools for a better development experience: https://react.dev/link/react-devtools font-weight:bold @ http://localhost:3003/_next/static/chunks/b2b3e_next_dist_77a734fe._.js:2297
[   60372ms] [LOG] [HMR] connected @ http://localhost:3003/_next/static/chunks/b2b3e_next_dist_77a734fe._.js:2297
[   60483ms] [LOG] [Fast Refresh] rebuilding @ http://localhost:3003/_next/static/chunks/b2b3e_next_dist_77a734fe._.js:2297
[   60706ms] [INFO] %cDownload the React DevTools for a better development experience: https://react.dev/link/react-devtools font-weight:bold @ http://localhost:3003/_next/static/chunks/b2b3e_next_dist_77a734fe._.js:2297
[   60734ms] [LOG] [HMR] connected @ http://localhost:3003/_next/static/chunks/b2b3e_next_dist_77a734fe._.js:2297
[   60847ms] [LOG] [Fast Refresh] rebuilding @ http://localhost:3003/_next/static/chunks/b2b3e_next_dist_77a734fe._.js:2297
[   61074ms] [INFO] %cDownload the React DevTools for a better development experience: https://react.dev/link/react-devtools font-weight:bold @ http://localhost:3003/_next/static/chunks/b2b3e_next_dist_77a734fe._.js:2297
[   61095ms] [LOG] [HMR] connected @ http://localhost:3003/_next/static/chunks/b2b3e_next_dist_77a734fe._.js:2297
