[     234ms] [INFO] %cDownload the React DevTools for a better development experience: https://react.dev/link/react-devtools font-weight:bold @ http://localhost:3003/_next/static/chunks/b2b3e_next_dist_77a734fe._.js:2297
[     254ms] [LOG] [HMR] connected @ http://localhost:3003/_next/static/chunks/b2b3e_next_dist_77a734fe._.js:2297
[     389ms] [LOG] [Fast Refresh] rebuilding @ http://localhost:3003/_next/static/chunks/b2b3e_next_dist_77a734fe._.js:2297
[     600ms] [INFO] %cDownload the React DevTools for a better development experience: https://react.dev/link/react-devtools font-weight:bold @ http://localhost:3003/_next/static/chunks/b2b3e_next_dist_77a734fe._.js:2297
[     621ms] [LOG] [HMR] connected @ http://localhost:3003/_next/static/chunks/b2b3e_next_dist_77a734fe._.js:2297
[     762ms] [LOG] [Fast Refresh] rebuilding @ http://localhost:3003/_next/static/chunks/b2b3e_next_dist_77a734fe._.js:2297
[     973ms] [INFO] %cDownload the React DevTools for a better development experience: https://react.dev/link/react-devtools font-weight:bold @ http://localhost:3003/_next/static/chunks/b2b3e_next_dist_77a734fe._.js:2297
[     998ms] [LOG] [HMR] connected @ http://localhost:3003/_next/static/chunks/b2b3e_next_dist_77a734fe._.js:2297
[    1111ms] [LOG] [Fast Refresh] rebuilding @ http://localhost:3003/_next/static/chunks/b2b3e_next_dist_77a734fe._.js:2297
[    1320ms] [INFO] %cDownload the React DevTools for a better development experience: https://react.dev/link/react-devtools font-weight:bold @ http://localhost:3003/_next/static/chunks/b2b3e_next_dist_77a734fe._.js:2297
[    1356ms] [LOG] [HMR] connected @ http://localhost:3003/_next/static/chunks/b2b3e_next_dist_77a734fe._.js:2297
[    1447ms] [LOG] [Fast Refresh] rebuilding @ http://localhost:3003/_next/static/chunks/b2b3e_next_dist_77a734fe._.js:2297
[    1801ms] [INFO] %cDownload the React DevTools for a better development experience: https://react.dev/link/react-devtools font-weight:bold @ http://localhost:3003/_next/static/chunks/b2b3e_next_dist_77a734fe._.js:2297
[    1834ms] [LOG] [HMR] connected @ http://localhost:3003/_next/static/chunks/b2b3e_next_dist_77a734fe._.js:2297
[    1966ms] [LOG] [Fast Refresh] rebuilding @ http://localhost:3003/_next/static/chunks/b2b3e_next_dist_77a734fe._.js:2297
[    2190ms] [INFO] %cDownload the React DevTools for a better development experience: https://react.dev/link/react-devtools font-weight:bold @ http://localhost:3003/_next/static/chunks/b2b3e_next_dist_77a734fe._.js:2297
[    2223ms] [LOG] [HMR] connected @ http://localhost:3003/_next/static/chunks/b2b3e_next_dist_77a734fe._.js:2297
[    2338ms] [LOG] [Fast Refresh] rebuilding @ http://localhost:3003/_next/static/chunks/b2b3e_next_dist_77a734fe._.js:2297
[    2575ms] [INFO] %cDownload the React DevTools for a better development experience: https://react.dev/link/react-devtools font-weight:bold @ http://localhost:3003/_next/static/chunks/b2b3e_next_dist_77a734fe._.js:2297
[    2610ms] [LOG] [HMR] connected @ http://localhost:3003/_next/static/chunks/b2b3e_next_dist_77a734fe._.js:2297
[    2758ms] [LOG] [Fast Refresh] rebuilding @ http://localhost:3003/_next/static/chunks/b2b3e_next_dist_77a734fe._.js:2297
[    2985ms] [INFO] %cDownload the React DevTools for a better development experience: https://react.dev/link/react-devtools font-weight:bold @ http://localhost:3003/_next/static/chunks/b2b3e_next_dist_77a734fe._.js:2297
[    3005ms] [LOG] [HMR] connected @ http://localhost:3003/_next/static/chunks/b2b3e_next_dist_77a734fe._.js:2297
[    3105ms] [LOG] [Fast Refresh] rebuilding @ http://localhost:3003/_next/static/chunks/b2b3e_next_dist_77a734fe._.js:2297
[    3329ms] [INFO] %cDownload the React DevTools for a better development experience: https://react.dev/link/react-devtools font-weight:bold @ http://localhost:3003/_next/static/chunks/b2b3e_next_dist_77a734fe._.js:2297
[    3356ms] [LOG] [HMR] connected @ http://localhost:3003/_next/static/chunks/b2b3e_next_dist_77a734fe._.js:2297
[    3466ms] [LOG] [Fast Refresh] rebuilding @ http://localhost:3003/_next/static/chunks/b2b3e_next_dist_77a734fe._.js:2297
[    3676ms] [INFO] %cDownload the React DevTools for a better development experience: https://react.dev/link/react-devtools font-weight:bold @ http://localhost:3003/_next/static/chunks/b2b3e_next_dist_77a734fe._.js:2297
[    3698ms] [LOG] [HMR] connected @ http://localhost:3003/_next/static/chunks/b2b3e_next_dist_77a734fe._.js:2297
[    3838ms] [LOG] [Fast Refresh] rebuilding @ http://localhost:3003/_next/static/chunks/b2b3e_next_dist_77a734fe._.js:2297
[    4051ms] [INFO] %cDownload the React DevTools for a better development experience: https://react.dev/link/react-devtools font-weight:bold @ http://localhost:3003/_next/static/chunks/b2b3e_next_dist_77a734fe._.js:2297
[    4082ms] [LOG] [HMR] connected @ http://localhost:3003/_next/static/chunks/b2b3e_next_dist_77a734fe._.js:2297
[    4186ms] [LOG] [Fast Refresh] rebuilding @ http://localhost:3003/_next/static/chunks/b2b3e_next_dist_77a734fe._.js:2297
[    4405ms] [INFO] %cDownload the React DevTools for a better development experience: https://react.dev/link/react-devtools font-weight:bold @ http://localhost:3003/_next/static/chunks/b2b3e_next_dist_77a734fe._.js:2297
[    4443ms] [LOG] [HMR] connected @ http://localhost:3003/_next/static/chunks/b2b3e_next_dist_77a734fe._.js:2297
[    4540ms] [LOG] [Fast Refresh] rebuilding @ http://localhost:3003/_next/static/chunks/b2b3e_next_dist_77a734fe._.js:2297
[    4758ms] [INFO] %cDownload the React DevTools for a better development experience: https://react.dev/link/react-devtools font-weight:bold @ http://localhost:3003/_next/static/chunks/b2b3e_next_dist_77a734fe._.js:2297
[    4792ms] [LOG] [HMR] connected @ http://localhost:3003/_next/static/chunks/b2b3e_next_dist_77a734fe._.js:2297
[    4903ms] [LOG] [Fast Refresh] rebuilding @ http://localhost:3003/_next/static/chunks/b2b3e_next_dist_77a734fe._.js:2297
[    5104ms] [INFO] %cDownload the React DevTools for a better development experience: https://react.dev/link/react-devtools font-weight:bold @ http://localhost:3003/_next/static/chunks/b2b3e_next_dist_77a734fe._.js:2297
[    5122ms] [LOG] [HMR] connected @ http://localhost:3003/_next/static/chunks/b2b3e_next_dist_77a734fe._.js:2297
[    5250ms] [LOG] [Fast Refresh] rebuilding @ http://localhost:3003/_next/static/chunks/b2b3e_next_dist_77a734fe._.js:2297
[    5461ms] [INFO] %cDownload the React DevTools for a better development experience: https://react.dev/link/react-devtools font-weight:bold @ http://localhost:3003/_next/static/chunks/b2b3e_next_dist_77a734fe._.js:2297
[    5489ms] [LOG] [HMR] connected @ http://localhost:3003/_next/static/chunks/b2b3e_next_dist_77a734fe._.js:2297
[    5604ms] [LOG] [Fast Refresh] rebuilding @ http://localhost:3003/_next/static/chunks/b2b3e_next_dist_77a734fe._.js:2297
[    5824ms] [INFO] %cDownload the React DevTools for a better development experience: https://react.dev/link/react-devtools font-weight:bold @ http://localhost:3003/_next/static/chunks/b2b3e_next_dist_77a734fe._.js:2297
[    5855ms] [LOG] [HMR] connected @ http://localhost:3003/_next/static/chunks/b2b3e_next_dist_77a734fe._.js:2297
[    5953ms] [LOG] [Fast Refresh] rebuilding @ http://localhost:3003/_next/static/chunks/b2b3e_next_dist_77a734fe._.js:2297
[    6163ms] [INFO] %cDownload the React DevTools for a better development experience: https://react.dev/link/react-devtools font-weight:bold @ http://localhost:3003/_next/static/chunks/b2b3e_next_dist_77a734fe._.js:2297
[    6185ms] [LOG] [HMR] connected @ http://localhost:3003/_next/static/chunks/b2b3e_next_dist_77a734fe._.js:2297
[    6320ms] [LOG] [Fast Refresh] rebuilding @ http://localhost:3003/_next/static/chunks/b2b3e_next_dist_77a734fe._.js:2297
[    6524ms] [INFO] %cDownload the React DevTools for a better development experience: https://react.dev/link/react-devtools font-weight:bold @ http://localhost:3003/_next/static/chunks/b2b3e_next_dist_77a734fe._.js:2297
[    6552ms] [LOG] [HMR] connected @ http://localhost:3003/_next/static/chunks/b2b3e_next_dist_77a734fe._.js:2297
[    6666ms] [LOG] [Fast Refresh] rebuilding @ http://localhost:3003/_next/static/chunks/b2b3e_next_dist_77a734fe._.js:2297
[    6891ms] [INFO] %cDownload the React DevTools for a better development experience: https://react.dev/link/react-devtools font-weight:bold @ http://localhost:3003/_next/static/chunks/b2b3e_next_dist_77a734fe._.js:2297
[    6919ms] [LOG] [HMR] connected @ http://localhost:3003/_next/static/chunks/b2b3e_next_dist_77a734fe._.js:2297
[    7041ms] [LOG] [Fast Refresh] rebuilding @ http://localhost:3003/_next/static/chunks/b2b3e_next_dist_77a734fe._.js:2297
[    7266ms] [INFO] %cDownload the React DevTools for a better development experience: https://react.dev/link/react-devtools font-weight:bold @ http://localhost:3003/_next/static/chunks/b2b3e_next_dist_77a734fe._.js:2297
[    7291ms] [LOG] [HMR] connected @ http://localhost:3003/_next/static/chunks/b2b3e_next_dist_77a734fe._.js:2297
[    7422ms] [LOG] [Fast Refresh] rebuilding @ http://localhost:3003/_next/static/chunks/b2b3e_next_dist_77a734fe._.js:2297
[    7650ms] [INFO] %cDownload the React DevTools for a better development experience: https://react.dev/link/react-devtools font-weight:bold @ http://localhost:3003/_next/static/chunks/b2b3e_next_dist_77a734fe._.js:2297
[    7666ms] [LOG] [HMR] connected @ http://localhost:3003/_next/static/chunks/b2b3e_next_dist_77a734fe._.js:2297
[    7802ms] [LOG] [Fast Refresh] rebuilding @ http://localhost:3003/_next/static/chunks/b2b3e_next_dist_77a734fe._.js:2297
[    8031ms] [INFO] %cDownload the React DevTools for a better development experience: https://react.dev/link/react-devtools font-weight:bold @ http://localhost:3003/_next/static/chunks/b2b3e_next_dist_77a734fe._.js:2297
[    8053ms] [LOG] [HMR] connected @ http://localhost:3003/_next/static/chunks/b2b3e_next_dist_77a734fe._.js:2297
[    8172ms] [LOG] [Fast Refresh] rebuilding @ http://localhost:3003/_next/static/chunks/b2b3e_next_dist_77a734fe._.js:2297
[    8403ms] [INFO] %cDownload the React DevTools for a better development experience: https://react.dev/link/react-devtools font-weight:bold @ http://localhost:3003/_next/static/chunks/b2b3e_next_dist_77a734fe._.js:2297
[    8432ms] [LOG] [HMR] connected @ http://localhost:3003/_next/static/chunks/b2b3e_next_dist_77a734fe._.js:2297
[    8552ms] [LOG] [Fast Refresh] rebuilding @ http://localhost:3003/_next/static/chunks/b2b3e_next_dist_77a734fe._.js:2297
[    8779ms] [INFO] %cDownload the React DevTools for a better development experience: https://react.dev/link/react-devtools font-weight:bold @ http://localhost:3003/_next/static/chunks/b2b3e_next_dist_77a734fe._.js:2297
[    8806ms] [LOG] [HMR] connected @ http://localhost:3003/_next/static/chunks/b2b3e_next_dist_77a734fe._.js:2297
[    8926ms] [LOG] [Fast Refresh] rebuilding @ http://localhost:3003/_next/static/chunks/b2b3e_next_dist_77a734fe._.js:2297
[    9156ms] [INFO] %cDownload the React DevTools for a better development experience: https://react.dev/link/react-devtools font-weight:bold @ http://localhost:3003/_next/static/chunks/b2b3e_next_dist_77a734fe._.js:2297
[    9191ms] [LOG] [HMR] connected @ http://localhost:3003/_next/static/chunks/b2b3e_next_dist_77a734fe._.js:2297
[    9319ms] [LOG] [Fast Refresh] rebuilding @ http://localhost:3003/_next/static/chunks/b2b3e_next_dist_77a734fe._.js:2297
[    9540ms] [INFO] %cDownload the React DevTools for a better development experience: https://react.dev/link/react-devtools font-weight:bold @ http://localhost:3003/_next/static/chunks/b2b3e_next_dist_77a734fe._.js:2297
[    9580ms] [LOG] [HMR] connected @ http://localhost:3003/_next/static/chunks/b2b3e_next_dist_77a734fe._.js:2297
[    9706ms] [LOG] [Fast Refresh] rebuilding @ http://localhost:3003/_next/static/chunks/b2b3e_next_dist_77a734fe._.js:2297
[    9948ms] [INFO] %cDownload the React DevTools for a better development experience: https://react.dev/link/react-devtools font-weight:bold @ http://localhost:3003/_next/static/chunks/b2b3e_next_dist_77a734fe._.js:2297
[    9971ms] [LOG] [HMR] connected @ http://localhost:3003/_next/static/chunks/b2b3e_next_dist_77a734fe._.js:2297
[   10111ms] [LOG] [Fast Refresh] rebuilding @ http://localhost:3003/_next/static/chunks/b2b3e_next_dist_77a734fe._.js:2297
[   10358ms] [INFO] %cDownload the React DevTools for a better development experience: https://react.dev/link/react-devtools font-weight:bold @ http://localhost:3003/_next/static/chunks/b2b3e_next_dist_77a734fe._.js:2297
[   10393ms] [LOG] [HMR] connected @ http://localhost:3003/_next/static/chunks/b2b3e_next_dist_77a734fe._.js:2297
[   10510ms] [LOG] [Fast Refresh] rebuilding @ http://localhost:3003/_next/static/chunks/b2b3e_next_dist_77a734fe._.js:2297
[   10752ms] [INFO] %cDownload the React DevTools for a better development experience: https://react.dev/link/react-devtools font-weight:bold @ http://localhost:3003/_next/static/chunks/b2b3e_next_dist_77a734fe._.js:2297
[   10788ms] [LOG] [HMR] connected @ http://localhost:3003/_next/static/chunks/b2b3e_next_dist_77a734fe._.js:2297
[   10916ms] [LOG] [Fast Refresh] rebuilding @ http://localhost:3003/_next/static/chunks/b2b3e_next_dist_77a734fe._.js:2297
[   11135ms] [INFO] %cDownload the React DevTools for a better development experience: https://react.dev/link/react-devtools font-weight:bold @ http://localhost:3003/_next/static/chunks/b2b3e_next_dist_77a734fe._.js:2297
[   11160ms] [LOG] [HMR] connected @ http://localhost:3003/_next/static/chunks/b2b3e_next_dist_77a734fe._.js:2297
[   11294ms] [LOG] [Fast Refresh] rebuilding @ http://localhost:3003/_next/static/chunks/b2b3e_next_dist_77a734fe._.js:2297
[   11535ms] [INFO] %cDownload the React DevTools for a better development experience: https://react.dev/link/react-devtools font-weight:bold @ http://localhost:3003/_next/static/chunks/b2b3e_next_dist_77a734fe._.js:2297
[   11574ms] [LOG] [HMR] connected @ http://localhost:3003/_next/static/chunks/b2b3e_next_dist_77a734fe._.js:2297
[   11686ms] [LOG] [Fast Refresh] rebuilding @ http://localhost:3003/_next/static/chunks/b2b3e_next_dist_77a734fe._.js:2297
[   11901ms] [INFO] %cDownload the React DevTools for a better development experience: https://react.dev/link/react-devtools font-weight:bold @ http://localhost:3003/_next/static/chunks/b2b3e_next_dist_77a734fe._.js:2297
[   11922ms] [LOG] [HMR] connected @ http://localhost:3003/_next/static/chunks/b2b3e_next_dist_77a734fe._.js:2297
[   12028ms] [LOG] [Fast Refresh] rebuilding @ http://localhost:3003/_next/static/chunks/b2b3e_next_dist_77a734fe._.js:2297
[   12246ms] [INFO] %cDownload the React DevTools for a better development experience: https://react.dev/link/react-devtools font-weight:bold @ http://localhost:3003/_next/static/chunks/b2b3e_next_dist_77a734fe._.js:2297
[   12274ms] [LOG] [HMR] connected @ http://localhost:3003/_next/static/chunks/b2b3e_next_dist_77a734fe._.js:2297
[   12401ms] [LOG] [Fast Refresh] rebuilding @ http://localhost:3003/_next/static/chunks/b2b3e_next_dist_77a734fe._.js:2297
[   12627ms] [INFO] %cDownload the React DevTools for a better development experience: https://react.dev/link/react-devtools font-weight:bold @ http://localhost:3003/_next/static/chunks/b2b3e_next_dist_77a734fe._.js:2297
[   12667ms] [LOG] [HMR] connected @ http://localhost:3003/_next/static/chunks/b2b3e_next_dist_77a734fe._.js:2297
[   12801ms] [LOG] [Fast Refresh] rebuilding @ http://localhost:3003/_next/static/chunks/b2b3e_next_dist_77a734fe._.js:2297
[   13024ms] [INFO] %cDownload the React DevTools for a better development experience: https://react.dev/link/react-devtools font-weight:bold @ http://localhost:3003/_next/static/chunks/b2b3e_next_dist_77a734fe._.js:2297
[   13065ms] [LOG] [HMR] connected @ http://localhost:3003/_next/static/chunks/b2b3e_next_dist_77a734fe._.js:2297
[   13164ms] [LOG] [Fast Refresh] rebuilding @ http://localhost:3003/_next/static/chunks/b2b3e_next_dist_77a734fe._.js:2297
[   13399ms] [INFO] %cDownload the React DevTools for a better development experience: https://react.dev/link/react-devtools font-weight:bold @ http://localhost:3003/_next/static/chunks/b2b3e_next_dist_77a734fe._.js:2297
[   13425ms] [LOG] [HMR] connected @ http://localhost:3003/_next/static/chunks/b2b3e_next_dist_77a734fe._.js:2297
[   13559ms] [LOG] [Fast Refresh] rebuilding @ http://localhost:3003/_next/static/chunks/b2b3e_next_dist_77a734fe._.js:2297
[   13781ms] [INFO] %cDownload the React DevTools for a better development experience: https://react.dev/link/react-devtools font-weight:bold @ http://localhost:3003/_next/static/chunks/b2b3e_next_dist_77a734fe._.js:2297
[   13806ms] [LOG] [HMR] connected @ http://localhost:3003/_next/static/chunks/b2b3e_next_dist_77a734fe._.js:2297
[   13933ms] [LOG] [Fast Refresh] rebuilding @ http://localhost:3003/_next/static/chunks/b2b3e_next_dist_77a734fe._.js:2297
[   14160ms] [INFO] %cDownload the React DevTools for a better development experience: https://react.dev/link/react-devtools font-weight:bold @ http://localhost:3003/_next/static/chunks/b2b3e_next_dist_77a734fe._.js:2297
[   14197ms] [LOG] [HMR] connected @ http://localhost:3003/_next/static/chunks/b2b3e_next_dist_77a734fe._.js:2297
[   14309ms] [LOG] [Fast Refresh] rebuilding @ http://localhost:3003/_next/static/chunks/b2b3e_next_dist_77a734fe._.js:2297
[   14531ms] [INFO] %cDownload the React DevTools for a better development experience: https://react.dev/link/react-devtools font-weight:bold @ http://localhost:3003/_next/static/chunks/b2b3e_next_dist_77a734fe._.js:2297
[   14557ms] [LOG] [HMR] connected @ http://localhost:3003/_next/static/chunks/b2b3e_next_dist_77a734fe._.js:2297
[   14693ms] [LOG] [Fast Refresh] rebuilding @ http://localhost:3003/_next/static/chunks/b2b3e_next_dist_77a734fe._.js:2297
[   14918ms] [INFO] %cDownload the React DevTools for a better development experience: https://react.dev/link/react-devtools font-weight:bold @ http://localhost:3003/_next/static/chunks/b2b3e_next_dist_77a734fe._.js:2297
[   14942ms] [LOG] [HMR] connected @ http://localhost:3003/_next/static/chunks/b2b3e_next_dist_77a734fe._.js:2297
[   15107ms] [LOG] [Fast Refresh] rebuilding @ http://localhost:3003/_next/static/chunks/b2b3e_next_dist_77a734fe._.js:2297
[   15329ms] [INFO] %cDownload the React DevTools for a better development experience: https://react.dev/link/react-devtools font-weight:bold @ http://localhost:3003/_next/static/chunks/b2b3e_next_dist_77a734fe._.js:2297
[   15356ms] [LOG] [HMR] connected @ http://localhost:3003/_next/static/chunks/b2b3e_next_dist_77a734fe._.js:2297
[   15482ms] [LOG] [Fast Refresh] rebuilding @ http://localhost:3003/_next/static/chunks/b2b3e_next_dist_77a734fe._.js:2297
[   15697ms] [INFO] %cDownload the React DevTools for a better development experience: https://react.dev/link/react-devtools font-weight:bold @ http://localhost:3003/_next/static/chunks/b2b3e_next_dist_77a734fe._.js:2297
[   15735ms] [LOG] [HMR] connected @ http://localhost:3003/_next/static/chunks/b2b3e_next_dist_77a734fe._.js:2297
[   15868ms] [LOG] [Fast Refresh] rebuilding @ http://localhost:3003/_next/static/chunks/b2b3e_next_dist_77a734fe._.js:2297
[   16090ms] [INFO] %cDownload the React DevTools for a better development experience: https://react.dev/link/react-devtools font-weight:bold @ http://localhost:3003/_next/static/chunks/b2b3e_next_dist_77a734fe._.js:2297
[   16109ms] [LOG] [HMR] connected @ http://localhost:3003/_next/static/chunks/b2b3e_next_dist_77a734fe._.js:2297
[   16243ms] [LOG] [Fast Refresh] rebuilding @ http://localhost:3003/_next/static/chunks/b2b3e_next_dist_77a734fe._.js:2297
[   16469ms] [INFO] %cDownload the React DevTools for a better development experience: https://react.dev/link/react-devtools font-weight:bold @ http://localhost:3003/_next/static/chunks/b2b3e_next_dist_77a734fe._.js:2297
[   16496ms] [LOG] [HMR] connected @ http://localhost:3003/_next/static/chunks/b2b3e_next_dist_77a734fe._.js:2297
[   16635ms] [LOG] [Fast Refresh] rebuilding @ http://localhost:3003/_next/static/chunks/b2b3e_next_dist_77a734fe._.js:2297
[   16900ms] [INFO] %cDownload the React DevTools for a better development experience: https://react.dev/link/react-devtools font-weight:bold @ http://localhost:3003/_next/static/chunks/b2b3e_next_dist_77a734fe._.js:2297
[   16931ms] [LOG] [HMR] connected @ http://localhost:3003/_next/static/chunks/b2b3e_next_dist_77a734fe._.js:2297
[   17097ms] [LOG] [Fast Refresh] rebuilding @ http://localhost:3003/_next/static/chunks/b2b3e_next_dist_77a734fe._.js:2297
[   17345ms] [INFO] %cDownload the React DevTools for a better development experience: https://react.dev/link/react-devtools font-weight:bold @ http://localhost:3003/_next/static/chunks/b2b3e_next_dist_77a734fe._.js:2297
[   17383ms] [LOG] [HMR] connected @ http://localhost:3003/_next/static/chunks/b2b3e_next_dist_77a734fe._.js:2297
[   17523ms] [LOG] [Fast Refresh] rebuilding @ http://localhost:3003/_next/static/chunks/b2b3e_next_dist_77a734fe._.js:2297
[   17785ms] [INFO] %cDownload the React DevTools for a better development experience: https://react.dev/link/react-devtools font-weight:bold @ http://localhost:3003/_next/static/chunks/b2b3e_next_dist_77a734fe._.js:2297
[   17807ms] [LOG] [HMR] connected @ http://localhost:3003/_next/static/chunks/b2b3e_next_dist_77a734fe._.js:2297
[   17944ms] [LOG] [Fast Refresh] rebuilding @ http://localhost:3003/_next/static/chunks/b2b3e_next_dist_77a734fe._.js:2297
[   18202ms] [INFO] %cDownload the React DevTools for a better development experience: https://react.dev/link/react-devtools font-weight:bold @ http://localhost:3003/_next/static/chunks/b2b3e_next_dist_77a734fe._.js:2297
[   18229ms] [LOG] [HMR] connected @ http://localhost:3003/_next/static/chunks/b2b3e_next_dist_77a734fe._.js:2297
[   18378ms] [LOG] [Fast Refresh] rebuilding @ http://localhost:3003/_next/static/chunks/b2b3e_next_dist_77a734fe._.js:2297
[   18643ms] [INFO] %cDownload the React DevTools for a better development experience: https://react.dev/link/react-devtools font-weight:bold @ http://localhost:3003/_next/static/chunks/b2b3e_next_dist_77a734fe._.js:2297
[   18682ms] [LOG] [HMR] connected @ http://localhost:3003/_next/static/chunks/b2b3e_next_dist_77a734fe._.js:2297
[   18815ms] [LOG] [Fast Refresh] rebuilding @ http://localhost:3003/_next/static/chunks/b2b3e_next_dist_77a734fe._.js:2297
[   19035ms] [INFO] %cDownload the React DevTools for a better development experience: https://react.dev/link/react-devtools font-weight:bold @ http://localhost:3003/_next/static/chunks/b2b3e_next_dist_77a734fe._.js:2297
[   19059ms] [LOG] [HMR] connected @ http://localhost:3003/_next/static/chunks/b2b3e_next_dist_77a734fe._.js:2297
[   19192ms] [LOG] [Fast Refresh] rebuilding @ http://localhost:3003/_next/static/chunks/b2b3e_next_dist_77a734fe._.js:2297
[   19418ms] [INFO] %cDownload the React DevTools for a better development experience: https://react.dev/link/react-devtools font-weight:bold @ http://localhost:3003/_next/static/chunks/b2b3e_next_dist_77a734fe._.js:2297
[   19442ms] [LOG] [HMR] connected @ http://localhost:3003/_next/static/chunks/b2b3e_next_dist_77a734fe._.js:2297
[   19565ms] [LOG] [Fast Refresh] rebuilding @ http://localhost:3003/_next/static/chunks/b2b3e_next_dist_77a734fe._.js:2297
[   19785ms] [INFO] %cDownload the React DevTools for a better development experience: https://react.dev/link/react-devtools font-weight:bold @ http://localhost:3003/_next/static/chunks/b2b3e_next_dist_77a734fe._.js:2297
[   19803ms] [LOG] [HMR] connected @ http://localhost:3003/_next/static/chunks/b2b3e_next_dist_77a734fe._.js:2297
[   19939ms] [LOG] [Fast Refresh] rebuilding @ http://localhost:3003/_next/static/chunks/b2b3e_next_dist_77a734fe._.js:2297
[   20157ms] [INFO] %cDownload the React DevTools for a better development experience: https://react.dev/link/react-devtools font-weight:bold @ http://localhost:3003/_next/static/chunks/b2b3e_next_dist_77a734fe._.js:2297
[   20181ms] [LOG] [HMR] connected @ http://localhost:3003/_next/static/chunks/b2b3e_next_dist_77a734fe._.js:2297
[   20315ms] [LOG] [Fast Refresh] rebuilding @ http://localhost:3003/_next/static/chunks/b2b3e_next_dist_77a734fe._.js:2297
[   20541ms] [INFO] %cDownload the React DevTools for a better development experience: https://react.dev/link/react-devtools font-weight:bold @ http://localhost:3003/_next/static/chunks/b2b3e_next_dist_77a734fe._.js:2297
[   20568ms] [LOG] [HMR] connected @ http://localhost:3003/_next/static/chunks/b2b3e_next_dist_77a734fe._.js:2297
[   20712ms] [LOG] [Fast Refresh] rebuilding @ http://localhost:3003/_next/static/chunks/b2b3e_next_dist_77a734fe._.js:2297
[   20935ms] [INFO] %cDownload the React DevTools for a better development experience: https://react.dev/link/react-devtools font-weight:bold @ http://localhost:3003/_next/static/chunks/b2b3e_next_dist_77a734fe._.js:2297
[   20963ms] [LOG] [HMR] connected @ http://localhost:3003/_next/static/chunks/b2b3e_next_dist_77a734fe._.js:2297
[   21117ms] [LOG] [Fast Refresh] rebuilding @ http://localhost:3003/_next/static/chunks/b2b3e_next_dist_77a734fe._.js:2297
[   21373ms] [INFO] %cDownload the React DevTools for a better development experience: https://react.dev/link/react-devtools font-weight:bold @ http://localhost:3003/_next/static/chunks/b2b3e_next_dist_77a734fe._.js:2297
[   21409ms] [LOG] [HMR] connected @ http://localhost:3003/_next/static/chunks/b2b3e_next_dist_77a734fe._.js:2297
[   21540ms] [LOG] [Fast Refresh] rebuilding @ http://localhost:3003/_next/static/chunks/b2b3e_next_dist_77a734fe._.js:2297
[   21777ms] [INFO] %cDownload the React DevTools for a better development experience: https://react.dev/link/react-devtools font-weight:bold @ http://localhost:3003/_next/static/chunks/b2b3e_next_dist_77a734fe._.js:2297
[   21816ms] [LOG] [HMR] connected @ http://localhost:3003/_next/static/chunks/b2b3e_next_dist_77a734fe._.js:2297
[   21932ms] [LOG] [Fast Refresh] rebuilding @ http://localhost:3003/_next/static/chunks/b2b3e_next_dist_77a734fe._.js:2297
[   22164ms] [INFO] %cDownload the React DevTools for a better development experience: https://react.dev/link/react-devtools font-weight:bold @ http://localhost:3003/_next/static/chunks/b2b3e_next_dist_77a734fe._.js:2297
[   22202ms] [LOG] [HMR] connected @ http://localhost:3003/_next/static/chunks/b2b3e_next_dist_77a734fe._.js:2297
[   22327ms] [LOG] [Fast Refresh] rebuilding @ http://localhost:3003/_next/static/chunks/b2b3e_next_dist_77a734fe._.js:2297
[   22565ms] [INFO] %cDownload the React DevTools for a better development experience: https://react.dev/link/react-devtools font-weight:bold @ http://localhost:3003/_next/static/chunks/b2b3e_next_dist_77a734fe._.js:2297
[   22606ms] [LOG] [HMR] connected @ http://localhost:3003/_next/static/chunks/b2b3e_next_dist_77a734fe._.js:2297
[   22745ms] [LOG] [Fast Refresh] rebuilding @ http://localhost:3003/_next/static/chunks/b2b3e_next_dist_77a734fe._.js:2297
[   22969ms] [INFO] %cDownload the React DevTools for a better development experience: https://react.dev/link/react-devtools font-weight:bold @ http://localhost:3003/_next/static/chunks/b2b3e_next_dist_77a734fe._.js:2297
[   22988ms] [LOG] [HMR] connected @ http://localhost:3003/_next/static/chunks/b2b3e_next_dist_77a734fe._.js:2297
[   23120ms] [LOG] [Fast Refresh] rebuilding @ http://localhost:3003/_next/static/chunks/b2b3e_next_dist_77a734fe._.js:2297
[   23361ms] [INFO] %cDownload the React DevTools for a better development experience: https://react.dev/link/react-devtools font-weight:bold @ http://localhost:3003/_next/static/chunks/b2b3e_next_dist_77a734fe._.js:2297
[   23401ms] [LOG] [HMR] connected @ http://localhost:3003/_next/static/chunks/b2b3e_next_dist_77a734fe._.js:2297
[   23533ms] [LOG] [Fast Refresh] rebuilding @ http://localhost:3003/_next/static/chunks/b2b3e_next_dist_77a734fe._.js:2297
[   23768ms] [INFO] %cDownload the React DevTools for a better development experience: https://react.dev/link/react-devtools font-weight:bold @ http://localhost:3003/_next/static/chunks/b2b3e_next_dist_77a734fe._.js:2297
[   23803ms] [LOG] [HMR] connected @ http://localhost:3003/_next/static/chunks/b2b3e_next_dist_77a734fe._.js:2297
[   23941ms] [LOG] [Fast Refresh] rebuilding @ http://localhost:3003/_next/static/chunks/b2b3e_next_dist_77a734fe._.js:2297
[   24165ms] [INFO] %cDownload the React DevTools for a better development experience: https://react.dev/link/react-devtools font-weight:bold @ http://localhost:3003/_next/static/chunks/b2b3e_next_dist_77a734fe._.js:2297
[   24201ms] [LOG] [HMR] connected @ http://localhost:3003/_next/static/chunks/b2b3e_next_dist_77a734fe._.js:2297
[   24316ms] [LOG] [Fast Refresh] rebuilding @ http://localhost:3003/_next/static/chunks/b2b3e_next_dist_77a734fe._.js:2297
[   24558ms] [INFO] %cDownload the React DevTools for a better development experience: https://react.dev/link/react-devtools font-weight:bold @ http://localhost:3003/_next/static/chunks/b2b3e_next_dist_77a734fe._.js:2297
[   24588ms] [LOG] [HMR] connected @ http://localhost:3003/_next/static/chunks/b2b3e_next_dist_77a734fe._.js:2297
[   24737ms] [LOG] [Fast Refresh] rebuilding @ http://localhost:3003/_next/static/chunks/b2b3e_next_dist_77a734fe._.js:2297
[   24983ms] [INFO] %cDownload the React DevTools for a better development experience: https://react.dev/link/react-devtools font-weight:bold @ http://localhost:3003/_next/static/chunks/b2b3e_next_dist_77a734fe._.js:2297
[   25013ms] [LOG] [HMR] connected @ http://localhost:3003/_next/static/chunks/b2b3e_next_dist_77a734fe._.js:2297
[   25141ms] [LOG] [Fast Refresh] rebuilding @ http://localhost:3003/_next/static/chunks/b2b3e_next_dist_77a734fe._.js:2297
[   25367ms] [INFO] %cDownload the React DevTools for a better development experience: https://react.dev/link/react-devtools font-weight:bold @ http://localhost:3003/_next/static/chunks/b2b3e_next_dist_77a734fe._.js:2297
[   25401ms] [LOG] [HMR] connected @ http://localhost:3003/_next/static/chunks/b2b3e_next_dist_77a734fe._.js:2297
[   25536ms] [LOG] [Fast Refresh] rebuilding @ http://localhost:3003/_next/static/chunks/b2b3e_next_dist_77a734fe._.js:2297
[   25767ms] [INFO] %cDownload the React DevTools for a better development experience: https://react.dev/link/react-devtools font-weight:bold @ http://localhost:3003/_next/static/chunks/b2b3e_next_dist_77a734fe._.js:2297
[   25799ms] [LOG] [HMR] connected @ http://localhost:3003/_next/static/chunks/b2b3e_next_dist_77a734fe._.js:2297
[   25915ms] [LOG] [Fast Refresh] rebuilding @ http://localhost:3003/_next/static/chunks/b2b3e_next_dist_77a734fe._.js:2297
[   26141ms] [INFO] %cDownload the React DevTools for a better development experience: https://react.dev/link/react-devtools font-weight:bold @ http://localhost:3003/_next/static/chunks/b2b3e_next_dist_77a734fe._.js:2297
[   26159ms] [LOG] [HMR] connected @ http://localhost:3003/_next/static/chunks/b2b3e_next_dist_77a734fe._.js:2297
[   26298ms] [LOG] [Fast Refresh] rebuilding @ http://localhost:3003/_next/static/chunks/b2b3e_next_dist_77a734fe._.js:2297
[   27078ms] [INFO] %cDownload the React DevTools for a better development experience: https://react.dev/link/react-devtools font-weight:bold @ http://localhost:3003/_next/static/chunks/b2b3e_next_dist_77a734fe._.js:2297
[   27111ms] [LOG] [HMR] connected @ http://localhost:3003/_next/static/chunks/b2b3e_next_dist_77a734fe._.js:2297
[   27240ms] [LOG] [Fast Refresh] rebuilding @ http://localhost:3003/_next/static/chunks/b2b3e_next_dist_77a734fe._.js:2297
[   27520ms] [INFO] %cDownload the React DevTools for a better development experience: https://react.dev/link/react-devtools font-weight:bold @ http://localhost:3003/_next/static/chunks/b2b3e_next_dist_77a734fe._.js:2297
[   27565ms] [LOG] [HMR] connected @ http://localhost:3003/_next/static/chunks/b2b3e_next_dist_77a734fe._.js:2297
[   27720ms] [LOG] [Fast Refresh] rebuilding @ http://localhost:3003/_next/static/chunks/b2b3e_next_dist_77a734fe._.js:2297
[   27957ms] [INFO] %cDownload the React DevTools for a better development experience: https://react.dev/link/react-devtools font-weight:bold @ http://localhost:3003/_next/static/chunks/b2b3e_next_dist_77a734fe._.js:2297
[   27985ms] [LOG] [HMR] connected @ http://localhost:3003/_next/static/chunks/b2b3e_next_dist_77a734fe._.js:2297
[   28138ms] [LOG] [Fast Refresh] rebuilding @ http://localhost:3003/_next/static/chunks/b2b3e_next_dist_77a734fe._.js:2297
[   28378ms] [INFO] %cDownload the React DevTools for a better development experience: https://react.dev/link/react-devtools font-weight:bold @ http://localhost:3003/_next/static/chunks/b2b3e_next_dist_77a734fe._.js:2297
[   28404ms] [LOG] [HMR] connected @ http://localhost:3003/_next/static/chunks/b2b3e_next_dist_77a734fe._.js:2297
[   28537ms] [LOG] [Fast Refresh] rebuilding @ http://localhost:3003/_next/static/chunks/b2b3e_next_dist_77a734fe._.js:2297
[   28767ms] [INFO] %cDownload the React DevTools for a better development experience: https://react.dev/link/react-devtools font-weight:bold @ http://localhost:3003/_next/static/chunks/b2b3e_next_dist_77a734fe._.js:2297
[   28794ms] [LOG] [HMR] connected @ http://localhost:3003/_next/static/chunks/b2b3e_next_dist_77a734fe._.js:2297
[   28927ms] [LOG] [Fast Refresh] rebuilding @ http://localhost:3003/_next/static/chunks/b2b3e_next_dist_77a734fe._.js:2297
[   29141ms] [INFO] %cDownload the React DevTools for a better development experience: https://react.dev/link/react-devtools font-weight:bold @ http://localhost:3003/_next/static/chunks/b2b3e_next_dist_77a734fe._.js:2297
[   29157ms] [LOG] [HMR] connected @ http://localhost:3003/_next/static/chunks/b2b3e_next_dist_77a734fe._.js:2297
[   29301ms] [LOG] [Fast Refresh] rebuilding @ http://localhost:3003/_next/static/chunks/b2b3e_next_dist_77a734fe._.js:2297
[   29540ms] [INFO] %cDownload the React DevTools for a better development experience: https://react.dev/link/react-devtools font-weight:bold @ http://localhost:3003/_next/static/chunks/b2b3e_next_dist_77a734fe._.js:2297
[   29570ms] [LOG] [HMR] connected @ http://localhost:3003/_next/static/chunks/b2b3e_next_dist_77a734fe._.js:2297
[   29701ms] [LOG] [Fast Refresh] rebuilding @ http://localhost:3003/_next/static/chunks/b2b3e_next_dist_77a734fe._.js:2297
[   29911ms] [INFO] %cDownload the React DevTools for a better development experience: https://react.dev/link/react-devtools font-weight:bold @ http://localhost:3003/_next/static/chunks/b2b3e_next_dist_77a734fe._.js:2297
[   29928ms] [LOG] [HMR] connected @ http://localhost:3003/_next/static/chunks/b2b3e_next_dist_77a734fe._.js:2297
[   30052ms] [LOG] [Fast Refresh] rebuilding @ http://localhost:3003/_next/static/chunks/b2b3e_next_dist_77a734fe._.js:2297
[   30268ms] [INFO] %cDownload the React DevTools for a better development experience: https://react.dev/link/react-devtools font-weight:bold @ http://localhost:3003/_next/static/chunks/b2b3e_next_dist_77a734fe._.js:2297
[   30300ms] [LOG] [HMR] connected @ http://localhost:3003/_next/static/chunks/b2b3e_next_dist_77a734fe._.js:2297
[   30410ms] [LOG] [Fast Refresh] rebuilding @ http://localhost:3003/_next/static/chunks/b2b3e_next_dist_77a734fe._.js:2297
[   30619ms] [INFO] %cDownload the React DevTools for a better development experience: https://react.dev/link/react-devtools font-weight:bold @ http://localhost:3003/_next/static/chunks/b2b3e_next_dist_77a734fe._.js:2297
[   30656ms] [LOG] [HMR] connected @ http://localhost:3003/_next/static/chunks/b2b3e_next_dist_77a734fe._.js:2297
[   30780ms] [LOG] [Fast Refresh] rebuilding @ http://localhost:3003/_next/static/chunks/b2b3e_next_dist_77a734fe._.js:2297
[   31002ms] [INFO] %cDownload the React DevTools for a better development experience: https://react.dev/link/react-devtools font-weight:bold @ http://localhost:3003/_next/static/chunks/b2b3e_next_dist_77a734fe._.js:2297
[   31031ms] [LOG] [HMR] connected @ http://localhost:3003/_next/static/chunks/b2b3e_next_dist_77a734fe._.js:2297
[   31163ms] [LOG] [Fast Refresh] rebuilding @ http://localhost:3003/_next/static/chunks/b2b3e_next_dist_77a734fe._.js:2297
[   31377ms] [INFO] %cDownload the React DevTools for a better development experience: https://react.dev/link/react-devtools font-weight:bold @ http://localhost:3003/_next/static/chunks/b2b3e_next_dist_77a734fe._.js:2297
[   31398ms] [LOG] [HMR] connected @ http://localhost:3003/_next/static/chunks/b2b3e_next_dist_77a734fe._.js:2297
[   31514ms] [LOG] [Fast Refresh] rebuilding @ http://localhost:3003/_next/static/chunks/b2b3e_next_dist_77a734fe._.js:2297
[   31734ms] [INFO] %cDownload the React DevTools for a better development experience: https://react.dev/link/react-devtools font-weight:bold @ http://localhost:3003/_next/static/chunks/b2b3e_next_dist_77a734fe._.js:2297
[   31767ms] [LOG] [HMR] connected @ http://localhost:3003/_next/static/chunks/b2b3e_next_dist_77a734fe._.js:2297
[   31880ms] [LOG] [Fast Refresh] rebuilding @ http://localhost:3003/_next/static/chunks/b2b3e_next_dist_77a734fe._.js:2297
[   32104ms] [INFO] %cDownload the React DevTools for a better development experience: https://react.dev/link/react-devtools font-weight:bold @ http://localhost:3003/_next/static/chunks/b2b3e_next_dist_77a734fe._.js:2297
[   32135ms] [LOG] [HMR] connected @ http://localhost:3003/_next/static/chunks/b2b3e_next_dist_77a734fe._.js:2297
[   32287ms] [LOG] [Fast Refresh] rebuilding @ http://localhost:3003/_next/static/chunks/b2b3e_next_dist_77a734fe._.js:2297
[   32504ms] [INFO] %cDownload the React DevTools for a better development experience: https://react.dev/link/react-devtools font-weight:bold @ http://localhost:3003/_next/static/chunks/b2b3e_next_dist_77a734fe._.js:2297
[   32540ms] [LOG] [HMR] connected @ http://localhost:3003/_next/static/chunks/b2b3e_next_dist_77a734fe._.js:2297
[   32681ms] [LOG] [Fast Refresh] rebuilding @ http://localhost:3003/_next/static/chunks/b2b3e_next_dist_77a734fe._.js:2297
[   32915ms] [INFO] %cDownload the React DevTools for a better development experience: https://react.dev/link/react-devtools font-weight:bold @ http://localhost:3003/_next/static/chunks/b2b3e_next_dist_77a734fe._.js:2297
[   32931ms] [LOG] [HMR] connected @ http://localhost:3003/_next/static/chunks/b2b3e_next_dist_77a734fe._.js:2297
[   33068ms] [LOG] [Fast Refresh] rebuilding @ http://localhost:3003/_next/static/chunks/b2b3e_next_dist_77a734fe._.js:2297
[   33294ms] [INFO] %cDownload the React DevTools for a better development experience: https://react.dev/link/react-devtools font-weight:bold @ http://localhost:3003/_next/static/chunks/b2b3e_next_dist_77a734fe._.js:2297
[   33319ms] [LOG] [HMR] connected @ http://localhost:3003/_next/static/chunks/b2b3e_next_dist_77a734fe._.js:2297
[   33448ms] [LOG] [Fast Refresh] rebuilding @ http://localhost:3003/_next/static/chunks/b2b3e_next_dist_77a734fe._.js:2297
[   33661ms] [INFO] %cDownload the React DevTools for a better development experience: https://react.dev/link/react-devtools font-weight:bold @ http://localhost:3003/_next/static/chunks/b2b3e_next_dist_77a734fe._.js:2297
[   33685ms] [LOG] [HMR] connected @ http://localhost:3003/_next/static/chunks/b2b3e_next_dist_77a734fe._.js:2297
[   33819ms] [LOG] [Fast Refresh] rebuilding @ http://localhost:3003/_next/static/chunks/b2b3e_next_dist_77a734fe._.js:2297
[   34073ms] [INFO] %cDownload the React DevTools for a better development experience: https://react.dev/link/react-devtools font-weight:bold @ http://localhost:3003/_next/static/chunks/b2b3e_next_dist_77a734fe._.js:2297
[   34119ms] [LOG] [HMR] connected @ http://localhost:3003/_next/static/chunks/b2b3e_next_dist_77a734fe._.js:2297
[   34243ms] [LOG] [Fast Refresh] rebuilding @ http://localhost:3003/_next/static/chunks/b2b3e_next_dist_77a734fe._.js:2297
[   34494ms] [INFO] %cDownload the React DevTools for a better development experience: https://react.dev/link/react-devtools font-weight:bold @ http://localhost:3003/_next/static/chunks/b2b3e_next_dist_77a734fe._.js:2297
[   34517ms] [LOG] [HMR] connected @ http://localhost:3003/_next/static/chunks/b2b3e_next_dist_77a734fe._.js:2297
[   34638ms] [LOG] [Fast Refresh] rebuilding @ http://localhost:3003/_next/static/chunks/b2b3e_next_dist_77a734fe._.js:2297
[   34877ms] [INFO] %cDownload the React DevTools for a better development experience: https://react.dev/link/react-devtools font-weight:bold @ http://localhost:3003/_next/static/chunks/b2b3e_next_dist_77a734fe._.js:2297
[   34904ms] [LOG] [HMR] connected @ http://localhost:3003/_next/static/chunks/b2b3e_next_dist_77a734fe._.js:2297
[   35030ms] [LOG] [Fast Refresh] rebuilding @ http://localhost:3003/_next/static/chunks/b2b3e_next_dist_77a734fe._.js:2297
[   35246ms] [INFO] %cDownload the React DevTools for a better development experience: https://react.dev/link/react-devtools font-weight:bold @ http://localhost:3003/_next/static/chunks/b2b3e_next_dist_77a734fe._.js:2297
[   35287ms] [LOG] [HMR] connected @ http://localhost:3003/_next/static/chunks/b2b3e_next_dist_77a734fe._.js:2297
[   35429ms] [LOG] [Fast Refresh] rebuilding @ http://localhost:3003/_next/static/chunks/b2b3e_next_dist_77a734fe._.js:2297
[   35657ms] [INFO] %cDownload the React DevTools for a better development experience: https://react.dev/link/react-devtools font-weight:bold @ http://localhost:3003/_next/static/chunks/b2b3e_next_dist_77a734fe._.js:2297
[   35689ms] [LOG] [HMR] connected @ http://localhost:3003/_next/static/chunks/b2b3e_next_dist_77a734fe._.js:2297
[   35809ms] [LOG] [Fast Refresh] rebuilding @ http://localhost:3003/_next/static/chunks/b2b3e_next_dist_77a734fe._.js:2297
[   36028ms] [INFO] %cDownload the React DevTools for a better development experience: https://react.dev/link/react-devtools font-weight:bold @ http://localhost:3003/_next/static/chunks/b2b3e_next_dist_77a734fe._.js:2297
[   36051ms] [LOG] [HMR] connected @ http://localhost:3003/_next/static/chunks/b2b3e_next_dist_77a734fe._.js:2297
[   36166ms] [LOG] [Fast Refresh] rebuilding @ http://localhost:3003/_next/static/chunks/b2b3e_next_dist_77a734fe._.js:2297
[   36402ms] [INFO] %cDownload the React DevTools for a better development experience: https://react.dev/link/react-devtools font-weight:bold @ http://localhost:3003/_next/static/chunks/b2b3e_next_dist_77a734fe._.js:2297
[   36436ms] [LOG] [HMR] connected @ http://localhost:3003/_next/static/chunks/b2b3e_next_dist_77a734fe._.js:2297
[   36572ms] [LOG] [Fast Refresh] rebuilding @ http://localhost:3003/_next/static/chunks/b2b3e_next_dist_77a734fe._.js:2297
[   36803ms] [INFO] %cDownload the React DevTools for a better development experience: https://react.dev/link/react-devtools font-weight:bold @ http://localhost:3003/_next/static/chunks/b2b3e_next_dist_77a734fe._.js:2297
[   36839ms] [LOG] [HMR] connected @ http://localhost:3003/_next/static/chunks/b2b3e_next_dist_77a734fe._.js:2297
[   36965ms] [LOG] [Fast Refresh] rebuilding @ http://localhost:3003/_next/static/chunks/b2b3e_next_dist_77a734fe._.js:2297
[   37189ms] [INFO] %cDownload the React DevTools for a better development experience: https://react.dev/link/react-devtools font-weight:bold @ http://localhost:3003/_next/static/chunks/b2b3e_next_dist_77a734fe._.js:2297
[   37226ms] [LOG] [HMR] connected @ http://localhost:3003/_next/static/chunks/b2b3e_next_dist_77a734fe._.js:2297
[   37356ms] [LOG] [Fast Refresh] rebuilding @ http://localhost:3003/_next/static/chunks/b2b3e_next_dist_77a734fe._.js:2297
[   37586ms] [INFO] %cDownload the React DevTools for a better development experience: https://react.dev/link/react-devtools font-weight:bold @ http://localhost:3003/_next/static/chunks/b2b3e_next_dist_77a734fe._.js:2297
[   37619ms] [LOG] [HMR] connected @ http://localhost:3003/_next/static/chunks/b2b3e_next_dist_77a734fe._.js:2297
[   37739ms] [LOG] [Fast Refresh] rebuilding @ http://localhost:3003/_next/static/chunks/b2b3e_next_dist_77a734fe._.js:2297
[   37980ms] [INFO] %cDownload the React DevTools for a better development experience: https://react.dev/link/react-devtools font-weight:bold @ http://localhost:3003/_next/static/chunks/b2b3e_next_dist_77a734fe._.js:2297
[   37999ms] [LOG] [HMR] connected @ http://localhost:3003/_next/static/chunks/b2b3e_next_dist_77a734fe._.js:2297
[   38164ms] [LOG] [Fast Refresh] rebuilding @ http://localhost:3003/_next/static/chunks/b2b3e_next_dist_77a734fe._.js:2297
[   38385ms] [INFO] %cDownload the React DevTools for a better development experience: https://react.dev/link/react-devtools font-weight:bold @ http://localhost:3003/_next/static/chunks/b2b3e_next_dist_77a734fe._.js:2297
[   38403ms] [LOG] [HMR] connected @ http://localhost:3003/_next/static/chunks/b2b3e_next_dist_77a734fe._.js:2297
[   38546ms] [LOG] [Fast Refresh] rebuilding @ http://localhost:3003/_next/static/chunks/b2b3e_next_dist_77a734fe._.js:2297
[   38774ms] [INFO] %cDownload the React DevTools for a better development experience: https://react.dev/link/react-devtools font-weight:bold @ http://localhost:3003/_next/static/chunks/b2b3e_next_dist_77a734fe._.js:2297
[   38808ms] [LOG] [HMR] connected @ http://localhost:3003/_next/static/chunks/b2b3e_next_dist_77a734fe._.js:2297
[   38928ms] [LOG] [Fast Refresh] rebuilding @ http://localhost:3003/_next/static/chunks/b2b3e_next_dist_77a734fe._.js:2297
[   39166ms] [INFO] %cDownload the React DevTools for a better development experience: https://react.dev/link/react-devtools font-weight:bold @ http://localhost:3003/_next/static/chunks/b2b3e_next_dist_77a734fe._.js:2297
[   39194ms] [LOG] [HMR] connected @ http://localhost:3003/_next/static/chunks/b2b3e_next_dist_77a734fe._.js:2297
[   39318ms] [LOG] [Fast Refresh] rebuilding @ http://localhost:3003/_next/static/chunks/b2b3e_next_dist_77a734fe._.js:2297
[   39556ms] [INFO] %cDownload the React DevTools for a better development experience: https://react.dev/link/react-devtools font-weight:bold @ http://localhost:3003/_next/static/chunks/b2b3e_next_dist_77a734fe._.js:2297
[   39591ms] [LOG] [HMR] connected @ http://localhost:3003/_next/static/chunks/b2b3e_next_dist_77a734fe._.js:2297
[   39718ms] [LOG] [Fast Refresh] rebuilding @ http://localhost:3003/_next/static/chunks/b2b3e_next_dist_77a734fe._.js:2297
[   39941ms] [INFO] %cDownload the React DevTools for a better development experience: https://react.dev/link/react-devtools font-weight:bold @ http://localhost:3003/_next/static/chunks/b2b3e_next_dist_77a734fe._.js:2297
[   39976ms] [LOG] [HMR] connected @ http://localhost:3003/_next/static/chunks/b2b3e_next_dist_77a734fe._.js:2297
[   40108ms] [LOG] [Fast Refresh] rebuilding @ http://localhost:3003/_next/static/chunks/b2b3e_next_dist_77a734fe._.js:2297
[   40344ms] [INFO] %cDownload the React DevTools for a better development experience: https://react.dev/link/react-devtools font-weight:bold @ http://localhost:3003/_next/static/chunks/b2b3e_next_dist_77a734fe._.js:2297
[   40376ms] [LOG] [HMR] connected @ http://localhost:3003/_next/static/chunks/b2b3e_next_dist_77a734fe._.js:2297
[   40504ms] [LOG] [Fast Refresh] rebuilding @ http://localhost:3003/_next/static/chunks/b2b3e_next_dist_77a734fe._.js:2297
[   40727ms] [INFO] %cDownload the React DevTools for a better development experience: https://react.dev/link/react-devtools font-weight:bold @ http://localhost:3003/_next/static/chunks/b2b3e_next_dist_77a734fe._.js:2297
[   40757ms] [LOG] [HMR] connected @ http://localhost:3003/_next/static/chunks/b2b3e_next_dist_77a734fe._.js:2297
[   40871ms] [LOG] [Fast Refresh] rebuilding @ http://localhost:3003/_next/static/chunks/b2b3e_next_dist_77a734fe._.js:2297
[   41093ms] [INFO] %cDownload the React DevTools for a better development experience: https://react.dev/link/react-devtools font-weight:bold @ http://localhost:3003/_next/static/chunks/b2b3e_next_dist_77a734fe._.js:2297
[   41127ms] [LOG] [HMR] connected @ http://localhost:3003/_next/static/chunks/b2b3e_next_dist_77a734fe._.js:2297
[   41258ms] [LOG] [Fast Refresh] rebuilding @ http://localhost:3003/_next/static/chunks/b2b3e_next_dist_77a734fe._.js:2297
[   41487ms] [INFO] %cDownload the React DevTools for a better development experience: https://react.dev/link/react-devtools font-weight:bold @ http://localhost:3003/_next/static/chunks/b2b3e_next_dist_77a734fe._.js:2297
[   41531ms] [LOG] [HMR] connected @ http://localhost:3003/_next/static/chunks/b2b3e_next_dist_77a734fe._.js:2297
[   41670ms] [LOG] [Fast Refresh] rebuilding @ http://localhost:3003/_next/static/chunks/b2b3e_next_dist_77a734fe._.js:2297
[   41890ms] [INFO] %cDownload the React DevTools for a better development experience: https://react.dev/link/react-devtools font-weight:bold @ http://localhost:3003/_next/static/chunks/b2b3e_next_dist_77a734fe._.js:2297
[   41921ms] [LOG] [HMR] connected @ http://localhost:3003/_next/static/chunks/b2b3e_next_dist_77a734fe._.js:2297
[   42046ms] [LOG] [Fast Refresh] rebuilding @ http://localhost:3003/_next/static/chunks/b2b3e_next_dist_77a734fe._.js:2297
[   42289ms] [INFO] %cDownload the React DevTools for a better development experience: https://react.dev/link/react-devtools font-weight:bold @ http://localhost:3003/_next/static/chunks/b2b3e_next_dist_77a734fe._.js:2297
[   42311ms] [LOG] [HMR] connected @ http://localhost:3003/_next/static/chunks/b2b3e_next_dist_77a734fe._.js:2297
[   42436ms] [LOG] [Fast Refresh] rebuilding @ http://localhost:3003/_next/static/chunks/b2b3e_next_dist_77a734fe._.js:2297
[   42671ms] [INFO] %cDownload the React DevTools for a better development experience: https://react.dev/link/react-devtools font-weight:bold @ http://localhost:3003/_next/static/chunks/b2b3e_next_dist_77a734fe._.js:2297
[   42705ms] [LOG] [HMR] connected @ http://localhost:3003/_next/static/chunks/b2b3e_next_dist_77a734fe._.js:2297
[   42855ms] [LOG] [Fast Refresh] rebuilding @ http://localhost:3003/_next/static/chunks/b2b3e_next_dist_77a734fe._.js:2297
[   43109ms] [INFO] %cDownload the React DevTools for a better development experience: https://react.dev/link/react-devtools font-weight:bold @ http://localhost:3003/_next/static/chunks/b2b3e_next_dist_77a734fe._.js:2297
[   43145ms] [LOG] [HMR] connected @ http://localhost:3003/_next/static/chunks/b2b3e_next_dist_77a734fe._.js:2297
[   43266ms] [LOG] [Fast Refresh] rebuilding @ http://localhost:3003/_next/static/chunks/b2b3e_next_dist_77a734fe._.js:2297
[   43480ms] [INFO] %cDownload the React DevTools for a better development experience: https://react.dev/link/react-devtools font-weight:bold @ http://localhost:3003/_next/static/chunks/b2b3e_next_dist_77a734fe._.js:2297
[   43515ms] [LOG] [HMR] connected @ http://localhost:3003/_next/static/chunks/b2b3e_next_dist_77a734fe._.js:2297
[   43659ms] [LOG] [Fast Refresh] rebuilding @ http://localhost:3003/_next/static/chunks/b2b3e_next_dist_77a734fe._.js:2297
[   43875ms] [INFO] %cDownload the React DevTools for a better development experience: https://react.dev/link/react-devtools font-weight:bold @ http://localhost:3003/_next/static/chunks/b2b3e_next_dist_77a734fe._.js:2297
[   43909ms] [LOG] [HMR] connected @ http://localhost:3003/_next/static/chunks/b2b3e_next_dist_77a734fe._.js:2297
[   44034ms] [LOG] [Fast Refresh] rebuilding @ http://localhost:3003/_next/static/chunks/b2b3e_next_dist_77a734fe._.js:2297
[   44253ms] [INFO] %cDownload the React DevTools for a better development experience: https://react.dev/link/react-devtools font-weight:bold @ http://localhost:3003/_next/static/chunks/b2b3e_next_dist_77a734fe._.js:2297
[   44270ms] [LOG] [HMR] connected @ http://localhost:3003/_next/static/chunks/b2b3e_next_dist_77a734fe._.js:2297
[   44396ms] [LOG] [Fast Refresh] rebuilding @ http://localhost:3003/_next/static/chunks/b2b3e_next_dist_77a734fe._.js:2297
[   44634ms] [INFO] %cDownload the React DevTools for a better development experience: https://react.dev/link/react-devtools font-weight:bold @ http://localhost:3003/_next/static/chunks/b2b3e_next_dist_77a734fe._.js:2297
[   44660ms] [LOG] [HMR] connected @ http://localhost:3003/_next/static/chunks/b2b3e_next_dist_77a734fe._.js:2297
[   44805ms] [LOG] [Fast Refresh] rebuilding @ http://localhost:3003/_next/static/chunks/b2b3e_next_dist_77a734fe._.js:2297
[   45044ms] [INFO] %cDownload the React DevTools for a better development experience: https://react.dev/link/react-devtools font-weight:bold @ http://localhost:3003/_next/static/chunks/b2b3e_next_dist_77a734fe._.js:2297
[   45072ms] [LOG] [HMR] connected @ http://localhost:3003/_next/static/chunks/b2b3e_next_dist_77a734fe._.js:2297
[   45186ms] [LOG] [Fast Refresh] rebuilding @ http://localhost:3003/_next/static/chunks/b2b3e_next_dist_77a734fe._.js:2297
[   45429ms] [INFO] %cDownload the React DevTools for a better development experience: https://react.dev/link/react-devtools font-weight:bold @ http://localhost:3003/_next/static/chunks/b2b3e_next_dist_77a734fe._.js:2297
[   45459ms] [LOG] [HMR] connected @ http://localhost:3003/_next/static/chunks/b2b3e_next_dist_77a734fe._.js:2297
[   45588ms] [LOG] [Fast Refresh] rebuilding @ http://localhost:3003/_next/static/chunks/b2b3e_next_dist_77a734fe._.js:2297
[   45824ms] [INFO] %cDownload the React DevTools for a better development experience: https://react.dev/link/react-devtools font-weight:bold @ http://localhost:3003/_next/static/chunks/b2b3e_next_dist_77a734fe._.js:2297
[   45845ms] [LOG] [HMR] connected @ http://localhost:3003/_next/static/chunks/b2b3e_next_dist_77a734fe._.js:2297
[   45991ms] [LOG] [Fast Refresh] rebuilding @ http://localhost:3003/_next/static/chunks/b2b3e_next_dist_77a734fe._.js:2297
[   46228ms] [INFO] %cDownload the React DevTools for a better development experience: https://react.dev/link/react-devtools font-weight:bold @ http://localhost:3003/_next/static/chunks/b2b3e_next_dist_77a734fe._.js:2297
[   46262ms] [LOG] [HMR] connected @ http://localhost:3003/_next/static/chunks/b2b3e_next_dist_77a734fe._.js:2297
[   46395ms] [LOG] [Fast Refresh] rebuilding @ http://localhost:3003/_next/static/chunks/b2b3e_next_dist_77a734fe._.js:2297
[   46635ms] [INFO] %cDownload the React DevTools for a better development experience: https://react.dev/link/react-devtools font-weight:bold @ http://localhost:3003/_next/static/chunks/b2b3e_next_dist_77a734fe._.js:2297
[   46657ms] [LOG] [HMR] connected @ http://localhost:3003/_next/static/chunks/b2b3e_next_dist_77a734fe._.js:2297
[   46797ms] [LOG] [Fast Refresh] rebuilding @ http://localhost:3003/_next/static/chunks/b2b3e_next_dist_77a734fe._.js:2297
